###############################################################################
#
# IAR ELF Linker V9.10.1.308/W64 for ARM                  27/Jul/2022  17:41:41
# Copyright 2007-2021 IAR Systems AB.
#
#    Output file  =
#        C:\Users\LIANMENG\Desktop\AX9-PROJECT-IAR-PID-0.002\AX9_V1.00\source\application\USER\Debug\Exe\AX9.out
#    Map file     =
#        C:\Users\LIANMENG\Desktop\AX9-PROJECT-IAR-PID-0.002\AX9_V1.00\source\application\USER\Debug\List\AX9.map
#    Command line =
#        -f
#        C:\Users\LIANMENG\Desktop\AX9-PROJECT-IAR-PID-0.002\AX9_V1.00\source\application\USER\Debug\Exe\AX9.out.rsp
#        (C:\Users\LIANMENG\Desktop\AX9-PROJECT-IAR-PID-0.002\AX9_V1.00\source\application\USER\Debug\Obj\BSP\adc.o
#        C:\Users\LIANMENG\Desktop\AX9-PROJECT-IAR-PID-0.002\AX9_V1.00\source\application\USER\Debug\Obj\DEVICE\adjustvoltage.o
#        C:\Users\LIANMENG\Desktop\AX9-PROJECT-IAR-PID-0.002\AX9_V1.00\source\application\USER\Debug\Obj\DEVICE\adt7302.o
#        C:\Users\LIANMENG\Desktop\AX9-PROJECT-IAR-PID-0.002\AX9_V1.00\source\application\USER\Debug\Obj\APP\app.o
#        C:\Users\LIANMENG\Desktop\AX9-PROJECT-IAR-PID-0.002\AX9_V1.00\source\application\USER\Debug\Obj\APP\app_adc.o
#        C:\Users\LIANMENG\Desktop\AX9-PROJECT-IAR-PID-0.002\AX9_V1.00\source\application\USER\Debug\Obj\APP\app_adjvol.o
#        C:\Users\LIANMENG\Desktop\AX9-PROJECT-IAR-PID-0.002\AX9_V1.00\source\application\USER\Debug\Obj\APP\app_com.o
#        C:\Users\LIANMENG\Desktop\AX9-PROJECT-IAR-PID-0.002\AX9_V1.00\source\application\USER\Debug\Obj\APP\app_comdebug.o
#        C:\Users\LIANMENG\Desktop\AX9-PROJECT-IAR-PID-0.002\AX9_V1.00\source\application\USER\Debug\Obj\APP\app_fan.o
#        C:\Users\LIANMENG\Desktop\AX9-PROJECT-IAR-PID-0.002\AX9_V1.00\source\application\USER\Debug\Obj\APP\app_led.o
#        C:\Users\LIANMENG\Desktop\AX9-PROJECT-IAR-PID-0.002\AX9_V1.00\source\application\USER\Debug\Obj\APP\app_pwrmanager.o
#        C:\Users\LIANMENG\Desktop\AX9-PROJECT-IAR-PID-0.002\AX9_V1.00\source\application\USER\Debug\Obj\APP\app_sysonoff.o
#        C:\Users\LIANMENG\Desktop\AX9-PROJECT-IAR-PID-0.002\AX9_V1.00\source\application\USER\Debug\Obj\APP\app_temperature.o
#        C:\Users\LIANMENG\Desktop\AX9-PROJECT-IAR-PID-0.002\AX9_V1.00\source\application\USER\Debug\Obj\APP\app_timer.o
#        C:\Users\LIANMENG\Desktop\AX9-PROJECT-IAR-PID-0.002\AX9_V1.00\source\application\USER\Debug\Obj\APP\app_usb.o
#        C:\Users\LIANMENG\Desktop\AX9-PROJECT-IAR-PID-0.002\AX9_V1.00\source\application\USER\Debug\Obj\DEVICE\bat1.o
#        C:\Users\LIANMENG\Desktop\AX9-PROJECT-IAR-PID-0.002\AX9_V1.00\source\application\USER\Debug\Obj\DEVICE\bat2.o
#        C:\Users\LIANMENG\Desktop\AX9-PROJECT-IAR-PID-0.002\AX9_V1.00\source\application\USER\Debug\Obj\BSP\board.o
#        C:\Users\LIANMENG\Desktop\AX9-PROJECT-IAR-PID-0.002\AX9_V1.00\source\application\USER\Debug\Obj\UCOSIII\uCOS-BSP\bsp.o
#        C:\Users\LIANMENG\Desktop\AX9-PROJECT-IAR-PID-0.002\AX9_V1.00\source\application\USER\Debug\Obj\DEVICE\command_process.o
#        C:\Users\LIANMENG\Desktop\AX9-PROJECT-IAR-PID-0.002\AX9_V1.00\source\application\USER\Debug\Obj\UCOSIII\uCOS-CPU\cpu_a.o
#        C:\Users\LIANMENG\Desktop\AX9-PROJECT-IAR-PID-0.002\AX9_V1.00\source\application\USER\Debug\Obj\UCOSIII\uCOS-CPU\cpu_c.o
#        C:\Users\LIANMENG\Desktop\AX9-PROJECT-IAR-PID-0.002\AX9_V1.00\source\application\USER\Debug\Obj\UCOSIII\uCOS-CPU\cpu_core.o
#        C:\Users\LIANMENG\Desktop\AX9-PROJECT-IAR-PID-0.002\AX9_V1.00\source\application\USER\Debug\Obj\BSP\dac.o
#        C:\Users\LIANMENG\Desktop\AX9-PROJECT-IAR-PID-0.002\AX9_V1.00\source\application\USER\Debug\Obj\BSP\dma.o
#        C:\Users\LIANMENG\Desktop\AX9-PROJECT-IAR-PID-0.002\AX9_V1.00\source\application\USER\Debug\Obj\DEVICE\ds2431.o
#        C:\Users\LIANMENG\Desktop\AX9-PROJECT-IAR-PID-0.002\AX9_V1.00\source\application\USER\Debug\Obj\DEVICE\emc2305.o
#        C:\Users\LIANMENG\Desktop\AX9-PROJECT-IAR-PID-0.002\AX9_V1.00\source\application\USER\Debug\Obj\BSP\gpio.o
#        C:\Users\LIANMENG\Desktop\AX9-PROJECT-IAR-PID-0.002\AX9_V1.00\source\application\USER\Debug\Obj\BSP\iic.o
#        C:\Users\LIANMENG\Desktop\AX9-PROJECT-IAR-PID-0.002\AX9_V1.00\source\application\USER\Debug\Obj\UCOSIII\uCOSIII-LIB\lib_ascii.o
#        C:\Users\LIANMENG\Desktop\AX9-PROJECT-IAR-PID-0.002\AX9_V1.00\source\application\USER\Debug\Obj\UCOSIII\uCOSIII-LIB\lib_math.o
#        C:\Users\LIANMENG\Desktop\AX9-PROJECT-IAR-PID-0.002\AX9_V1.00\source\application\USER\Debug\Obj\UCOSIII\uCOSIII-LIB\lib_mem.o
#        C:\Users\LIANMENG\Desktop\AX9-PROJECT-IAR-PID-0.002\AX9_V1.00\source\application\USER\Debug\Obj\UCOSIII\uCOSIII-LIB\lib_mem_a.o
#        C:\Users\LIANMENG\Desktop\AX9-PROJECT-IAR-PID-0.002\AX9_V1.00\source\application\USER\Debug\Obj\UCOSIII\uCOSIII-LIB\lib_str.o
#        C:\Users\LIANMENG\Desktop\AX9-PROJECT-IAR-PID-0.002\AX9_V1.00\source\application\USER\Debug\Obj\USER\main.o
#        C:\Users\LIANMENG\Desktop\AX9-PROJECT-IAR-PID-0.002\AX9_V1.00\source\application\USER\Debug\Obj\FWLIB\misc.o
#        C:\Users\LIANMENG\Desktop\AX9-PROJECT-IAR-PID-0.002\AX9_V1.00\source\application\USER\Debug\Obj\BSP\nvic.o
#        C:\Users\LIANMENG\Desktop\AX9-PROJECT-IAR-PID-0.002\AX9_V1.00\source\application\USER\Debug\Obj\UCOSIII\uCOS-CONFIG\os_app_hooks.o
#        C:\Users\LIANMENG\Desktop\AX9-PROJECT-IAR-PID-0.002\AX9_V1.00\source\application\USER\Debug\Obj\UCOSIII\uCOS-III\Source\os_cfg_app.o
#        C:\Users\LIANMENG\Desktop\AX9-PROJECT-IAR-PID-0.002\AX9_V1.00\source\application\USER\Debug\Obj\UCOSIII\uCOS-III\Source\os_core.o
#        C:\Users\LIANMENG\Desktop\AX9-PROJECT-IAR-PID-0.002\AX9_V1.00\source\application\USER\Debug\Obj\UCOSIII\uCOS-III\Port\os_cpu_a.o
#        C:\Users\LIANMENG\Desktop\AX9-PROJECT-IAR-PID-0.002\AX9_V1.00\source\application\USER\Debug\Obj\UCOSIII\uCOS-III\Port\os_cpu_c.o
#        C:\Users\LIANMENG\Desktop\AX9-PROJECT-IAR-PID-0.002\AX9_V1.00\source\application\USER\Debug\Obj\UCOSIII\uCOS-III\Source\os_dbg.o
#        C:\Users\LIANMENG\Desktop\AX9-PROJECT-IAR-PID-0.002\AX9_V1.00\source\application\USER\Debug\Obj\UCOSIII\uCOS-III\Source\os_flag.o
#        C:\Users\LIANMENG\Desktop\AX9-PROJECT-IAR-PID-0.002\AX9_V1.00\source\application\USER\Debug\Obj\UCOSIII\uCOS-III\Source\os_int.o
#        C:\Users\LIANMENG\Desktop\AX9-PROJECT-IAR-PID-0.002\AX9_V1.00\source\application\USER\Debug\Obj\UCOSIII\uCOS-III\Source\os_mem.o
#        C:\Users\LIANMENG\Desktop\AX9-PROJECT-IAR-PID-0.002\AX9_V1.00\source\application\USER\Debug\Obj\UCOSIII\uCOS-III\Source\os_msg.o
#        C:\Users\LIANMENG\Desktop\AX9-PROJECT-IAR-PID-0.002\AX9_V1.00\source\application\USER\Debug\Obj\UCOSIII\uCOS-III\Source\os_mutex.o
#        C:\Users\LIANMENG\Desktop\AX9-PROJECT-IAR-PID-0.002\AX9_V1.00\source\application\USER\Debug\Obj\UCOSIII\uCOS-III\Source\os_pend_multi.o
#        C:\Users\LIANMENG\Desktop\AX9-PROJECT-IAR-PID-0.002\AX9_V1.00\source\application\USER\Debug\Obj\UCOSIII\uCOS-III\Source\os_prio.o
#        C:\Users\LIANMENG\Desktop\AX9-PROJECT-IAR-PID-0.002\AX9_V1.00\source\application\USER\Debug\Obj\UCOSIII\uCOS-III\Source\os_q.o
#        C:\Users\LIANMENG\Desktop\AX9-PROJECT-IAR-PID-0.002\AX9_V1.00\source\application\USER\Debug\Obj\UCOSIII\uCOS-III\Source\os_sem.o
#        C:\Users\LIANMENG\Desktop\AX9-PROJECT-IAR-PID-0.002\AX9_V1.00\source\application\USER\Debug\Obj\UCOSIII\uCOS-III\Source\os_stat.o
#        C:\Users\LIANMENG\Desktop\AX9-PROJECT-IAR-PID-0.002\AX9_V1.00\source\application\USER\Debug\Obj\UCOSIII\uCOS-III\Source\os_task.o
#        C:\Users\LIANMENG\Desktop\AX9-PROJECT-IAR-PID-0.002\AX9_V1.00\source\application\USER\Debug\Obj\UCOSIII\uCOS-III\Source\os_tick.o
#        C:\Users\LIANMENG\Desktop\AX9-PROJECT-IAR-PID-0.002\AX9_V1.00\source\application\USER\Debug\Obj\UCOSIII\uCOS-III\Source\os_time.o
#        C:\Users\LIANMENG\Desktop\AX9-PROJECT-IAR-PID-0.002\AX9_V1.00\source\application\USER\Debug\Obj\UCOSIII\uCOS-III\Source\os_tmr.o
#        C:\Users\LIANMENG\Desktop\AX9-PROJECT-IAR-PID-0.002\AX9_V1.00\source\application\USER\Debug\Obj\UCOSIII\uCOS-III\Source\os_var.o
#        C:\Users\LIANMENG\Desktop\AX9-PROJECT-IAR-PID-0.002\AX9_V1.00\source\application\USER\Debug\Obj\DEVICE\power.o
#        C:\Users\LIANMENG\Desktop\AX9-PROJECT-IAR-PID-0.002\AX9_V1.00\source\application\USER\Debug\Obj\BSP\spi.o
#        C:\Users\LIANMENG\Desktop\AX9-PROJECT-IAR-PID-0.002\AX9_V1.00\source\application\USER\Debug\Obj\CMSIS\startup_stm32f40_41xxx.o
#        C:\Users\LIANMENG\Desktop\AX9-PROJECT-IAR-PID-0.002\AX9_V1.00\source\application\USER\Debug\Obj\FWLIB\stm32f4xx_adc.o
#        C:\Users\LIANMENG\Desktop\AX9-PROJECT-IAR-PID-0.002\AX9_V1.00\source\application\USER\Debug\Obj\FWLIB\stm32f4xx_can.o
#        C:\Users\LIANMENG\Desktop\AX9-PROJECT-IAR-PID-0.002\AX9_V1.00\source\application\USER\Debug\Obj\FWLIB\stm32f4xx_cec.o
#        C:\Users\LIANMENG\Desktop\AX9-PROJECT-IAR-PID-0.002\AX9_V1.00\source\application\USER\Debug\Obj\FWLIB\stm32f4xx_crc.o
#        C:\Users\LIANMENG\Desktop\AX9-PROJECT-IAR-PID-0.002\AX9_V1.00\source\application\USER\Debug\Obj\FWLIB\stm32f4xx_cryp.o
#        C:\Users\LIANMENG\Desktop\AX9-PROJECT-IAR-PID-0.002\AX9_V1.00\source\application\USER\Debug\Obj\FWLIB\stm32f4xx_cryp_aes.o
#        C:\Users\LIANMENG\Desktop\AX9-PROJECT-IAR-PID-0.002\AX9_V1.00\source\application\USER\Debug\Obj\FWLIB\stm32f4xx_cryp_des.o
#        C:\Users\LIANMENG\Desktop\AX9-PROJECT-IAR-PID-0.002\AX9_V1.00\source\application\USER\Debug\Obj\FWLIB\stm32f4xx_cryp_tdes.o
#        C:\Users\LIANMENG\Desktop\AX9-PROJECT-IAR-PID-0.002\AX9_V1.00\source\application\USER\Debug\Obj\FWLIB\stm32f4xx_dac.o
#        C:\Users\LIANMENG\Desktop\AX9-PROJECT-IAR-PID-0.002\AX9_V1.00\source\application\USER\Debug\Obj\FWLIB\stm32f4xx_dbgmcu.o
#        C:\Users\LIANMENG\Desktop\AX9-PROJECT-IAR-PID-0.002\AX9_V1.00\source\application\USER\Debug\Obj\FWLIB\stm32f4xx_dcmi.o
#        C:\Users\LIANMENG\Desktop\AX9-PROJECT-IAR-PID-0.002\AX9_V1.00\source\application\USER\Debug\Obj\FWLIB\stm32f4xx_dfsdm.o
#        C:\Users\LIANMENG\Desktop\AX9-PROJECT-IAR-PID-0.002\AX9_V1.00\source\application\USER\Debug\Obj\FWLIB\stm32f4xx_dma.o
#        C:\Users\LIANMENG\Desktop\AX9-PROJECT-IAR-PID-0.002\AX9_V1.00\source\application\USER\Debug\Obj\FWLIB\stm32f4xx_dma2d.o
#        C:\Users\LIANMENG\Desktop\AX9-PROJECT-IAR-PID-0.002\AX9_V1.00\source\application\USER\Debug\Obj\FWLIB\stm32f4xx_dsi.o
#        C:\Users\LIANMENG\Desktop\AX9-PROJECT-IAR-PID-0.002\AX9_V1.00\source\application\USER\Debug\Obj\FWLIB\stm32f4xx_exti.o
#        C:\Users\LIANMENG\Desktop\AX9-PROJECT-IAR-PID-0.002\AX9_V1.00\source\application\USER\Debug\Obj\FWLIB\stm32f4xx_flash.o
#        C:\Users\LIANMENG\Desktop\AX9-PROJECT-IAR-PID-0.002\AX9_V1.00\source\application\USER\Debug\Obj\FWLIB\stm32f4xx_flash_ramfunc.o
#        C:\Users\LIANMENG\Desktop\AX9-PROJECT-IAR-PID-0.002\AX9_V1.00\source\application\USER\Debug\Obj\FWLIB\stm32f4xx_fmpi2c.o
#        C:\Users\LIANMENG\Desktop\AX9-PROJECT-IAR-PID-0.002\AX9_V1.00\source\application\USER\Debug\Obj\FWLIB\stm32f4xx_fsmc.o
#        C:\Users\LIANMENG\Desktop\AX9-PROJECT-IAR-PID-0.002\AX9_V1.00\source\application\USER\Debug\Obj\FWLIB\stm32f4xx_gpio.o
#        C:\Users\LIANMENG\Desktop\AX9-PROJECT-IAR-PID-0.002\AX9_V1.00\source\application\USER\Debug\Obj\FWLIB\stm32f4xx_hash.o
#        C:\Users\LIANMENG\Desktop\AX9-PROJECT-IAR-PID-0.002\AX9_V1.00\source\application\USER\Debug\Obj\FWLIB\stm32f4xx_hash_md5.o
#        C:\Users\LIANMENG\Desktop\AX9-PROJECT-IAR-PID-0.002\AX9_V1.00\source\application\USER\Debug\Obj\FWLIB\stm32f4xx_hash_sha1.o
#        C:\Users\LIANMENG\Desktop\AX9-PROJECT-IAR-PID-0.002\AX9_V1.00\source\application\USER\Debug\Obj\FWLIB\stm32f4xx_i2c.o
#        C:\Users\LIANMENG\Desktop\AX9-PROJECT-IAR-PID-0.002\AX9_V1.00\source\application\USER\Debug\Obj\USER\stm32f4xx_it.o
#        C:\Users\LIANMENG\Desktop\AX9-PROJECT-IAR-PID-0.002\AX9_V1.00\source\application\USER\Debug\Obj\FWLIB\stm32f4xx_iwdg.o
#        C:\Users\LIANMENG\Desktop\AX9-PROJECT-IAR-PID-0.002\AX9_V1.00\source\application\USER\Debug\Obj\FWLIB\stm32f4xx_lptim.o
#        C:\Users\LIANMENG\Desktop\AX9-PROJECT-IAR-PID-0.002\AX9_V1.00\source\application\USER\Debug\Obj\FWLIB\stm32f4xx_ltdc.o
#        C:\Users\LIANMENG\Desktop\AX9-PROJECT-IAR-PID-0.002\AX9_V1.00\source\application\USER\Debug\Obj\FWLIB\stm32f4xx_pwr.o
#        C:\Users\LIANMENG\Desktop\AX9-PROJECT-IAR-PID-0.002\AX9_V1.00\source\application\USER\Debug\Obj\FWLIB\stm32f4xx_qspi.o
#        C:\Users\LIANMENG\Desktop\AX9-PROJECT-IAR-PID-0.002\AX9_V1.00\source\application\USER\Debug\Obj\FWLIB\stm32f4xx_rcc.o
#        C:\Users\LIANMENG\Desktop\AX9-PROJECT-IAR-PID-0.002\AX9_V1.00\source\application\USER\Debug\Obj\FWLIB\stm32f4xx_rng.o
#        C:\Users\LIANMENG\Desktop\AX9-PROJECT-IAR-PID-0.002\AX9_V1.00\source\application\USER\Debug\Obj\FWLIB\stm32f4xx_rtc.o
#        C:\Users\LIANMENG\Desktop\AX9-PROJECT-IAR-PID-0.002\AX9_V1.00\source\application\USER\Debug\Obj\FWLIB\stm32f4xx_sai.o
#        C:\Users\LIANMENG\Desktop\AX9-PROJECT-IAR-PID-0.002\AX9_V1.00\source\application\USER\Debug\Obj\FWLIB\stm32f4xx_sdio.o
#        C:\Users\LIANMENG\Desktop\AX9-PROJECT-IAR-PID-0.002\AX9_V1.00\source\application\USER\Debug\Obj\FWLIB\stm32f4xx_spdifrx.o
#        C:\Users\LIANMENG\Desktop\AX9-PROJECT-IAR-PID-0.002\AX9_V1.00\source\application\USER\Debug\Obj\FWLIB\stm32f4xx_spi.o
#        C:\Users\LIANMENG\Desktop\AX9-PROJECT-IAR-PID-0.002\AX9_V1.00\source\application\USER\Debug\Obj\FWLIB\stm32f4xx_syscfg.o
#        C:\Users\LIANMENG\Desktop\AX9-PROJECT-IAR-PID-0.002\AX9_V1.00\source\application\USER\Debug\Obj\FWLIB\stm32f4xx_tim.o
#        C:\Users\LIANMENG\Desktop\AX9-PROJECT-IAR-PID-0.002\AX9_V1.00\source\application\USER\Debug\Obj\FWLIB\stm32f4xx_usart.o
#        C:\Users\LIANMENG\Desktop\AX9-PROJECT-IAR-PID-0.002\AX9_V1.00\source\application\USER\Debug\Obj\FWLIB\stm32f4xx_wwdg.o
#        C:\Users\LIANMENG\Desktop\AX9-PROJECT-IAR-PID-0.002\AX9_V1.00\source\application\USER\Debug\Obj\DEVICE\system.o
#        C:\Users\LIANMENG\Desktop\AX9-PROJECT-IAR-PID-0.002\AX9_V1.00\source\application\USER\Debug\Obj\CMSIS\system_stm32f4xx.o
#        C:\Users\LIANMENG\Desktop\AX9-PROJECT-IAR-PID-0.002\AX9_V1.00\source\application\USER\Debug\Obj\BSP\systick.o
#        C:\Users\LIANMENG\Desktop\AX9-PROJECT-IAR-PID-0.002\AX9_V1.00\source\application\USER\Debug\Obj\BSP\timer.o
#        C:\Users\LIANMENG\Desktop\AX9-PROJECT-IAR-PID-0.002\AX9_V1.00\source\application\USER\Debug\Obj\DEVICE\tlv5626cd.o
#        C:\Users\LIANMENG\Desktop\AX9-PROJECT-IAR-PID-0.002\AX9_V1.00\source\application\USER\Debug\Obj\DEVICE\tmp468.o
#        C:\Users\LIANMENG\Desktop\AX9-PROJECT-IAR-PID-0.002\AX9_V1.00\source\application\USER\Debug\Obj\BSP\usart.o
#        C:\Users\LIANMENG\Desktop\AX9-PROJECT-IAR-PID-0.002\AX9_V1.00\source\application\USER\Debug\Obj\USB\USB-APP\usb_bsp.o
#        C:\Users\LIANMENG\Desktop\AX9-PROJECT-IAR-PID-0.002\AX9_V1.00\source\application\USER\Debug\Obj\USB\USB-OTG\usb_core.o
#        C:\Users\LIANMENG\Desktop\AX9-PROJECT-IAR-PID-0.002\AX9_V1.00\source\application\USER\Debug\Obj\USB\USB-OTG\usb_dcd.o
#        C:\Users\LIANMENG\Desktop\AX9-PROJECT-IAR-PID-0.002\AX9_V1.00\source\application\USER\Debug\Obj\USB\USB-OTG\usb_dcd_int.o
#        C:\Users\LIANMENG\Desktop\AX9-PROJECT-IAR-PID-0.002\AX9_V1.00\source\application\USER\Debug\Obj\USB\USB-DEVICE\usbd_cdc_core.o
#        C:\Users\LIANMENG\Desktop\AX9-PROJECT-IAR-PID-0.002\AX9_V1.00\source\application\USER\Debug\Obj\USB\USB-APP\usbd_cdc_vcp.o
#        C:\Users\LIANMENG\Desktop\AX9-PROJECT-IAR-PID-0.002\AX9_V1.00\source\application\USER\Debug\Obj\USB\USB-DEVICE\usbd_core.o
#        C:\Users\LIANMENG\Desktop\AX9-PROJECT-IAR-PID-0.002\AX9_V1.00\source\application\USER\Debug\Obj\USB\USB-APP\usbd_desc.o
#        C:\Users\LIANMENG\Desktop\AX9-PROJECT-IAR-PID-0.002\AX9_V1.00\source\application\USER\Debug\Obj\USB\USB-DEVICE\usbd_ioreq.o
#        C:\Users\LIANMENG\Desktop\AX9-PROJECT-IAR-PID-0.002\AX9_V1.00\source\application\USER\Debug\Obj\USB\USB-DEVICE\usbd_req.o
#        C:\Users\LIANMENG\Desktop\AX9-PROJECT-IAR-PID-0.002\AX9_V1.00\source\application\USER\Debug\Obj\USB\USB-APP\usbd_usr.o
#        --no_out_extension -o
#        C:\Users\LIANMENG\Desktop\AX9-PROJECT-IAR-PID-0.002\AX9_V1.00\source\application\USER\Debug\Exe\AX9.out
#        --map
#        C:\Users\LIANMENG\Desktop\AX9-PROJECT-IAR-PID-0.002\AX9_V1.00\source\application\USER\Debug\List\AX9.map
#        --config
#        C:\Users\LIANMENG\Desktop\AX9-PROJECT-IAR-PID-0.002\AX9_V1.00\source\application\USER\stm32f405xG.icf
#        --semihosting --entry __iar_program_start --vfe --text_out locale)
#
###############################################################################

*******************************************************************************
*** RUNTIME MODEL ATTRIBUTES
***

CppFlavor       = *
__SystemLibrary = DLib
__dlib_version  = 6


*******************************************************************************
*** HEAP SELECTION
***

The basic heap was selected because no calls to memory allocation
functions were found in the application outside of system library
functions, and there are calls to deallocation functions in the
application.


*******************************************************************************
*** PLACEMENT SUMMARY
***

"A0":  place at address 0x802'0000 { ro section .intvec };
"P1":  place in [from 0x800'0000 to 0x80f'ffff] { ro };
define block CSTACK with size = 8K, alignment = 8 { };
define block HEAP with size = 8K, alignment = 8 { };
"P4":  place in [from 0x2000'0000 to 0x2001'bfff] |
                [from 0x2001'c000 to 0x2001'ffff] {
          rw, block CSTACK, block HEAP };
initialize by copy { rw };

No sections matched the following patterns:

  ro section application_specific_ro  in "P2"
  section .backup_sram                in "P5"
  section .ccram                      in "P3"


  Section            Kind         Address    Size  Object
  -------            ----         -------    ----  ------
"A0":                                       0x188
  .intvec            ro code   0x802'0000   0x188  startup_stm32f40_41xxx.o [3]
                             - 0x802'0188   0x188

"P1":                                      0xf439
  .text              ro code   0x802'0188  0x17c4  command_process.o [4]
  .text              ro code   0x802'194c    0xa6  ABImemcpy.o [18]
  .text              ro code   0x802'19f2     0xe  usbd_usr.o [12]
  .text              ro code   0x802'1a00   0x33a  ds2431.o [4]
  .rodata            const     0x802'1d3a     0x2  os_cfg_app.o [10]
  .text              ro code   0x802'1d3c   0x114  stm32f4xx_flash.o [5]
  .text              ro code   0x802'1e50   0x10c  systick.o [2]
  .text              ro code   0x802'1f5c   0x72c  adc.o [2]
  .text              ro code   0x802'2688   0x11e  stm32f4xx_gpio.o [5]
  .rodata            const     0x802'27a6     0x2  os_cfg_app.o [10]
  .text              ro code   0x802'27a8   0xfe0  app_adjvol.o [1]
  .text              ro code   0x802'3788   0x160  stm32f4xx_dma.o [5]
  .text              ro code   0x802'38e8   0x1c4  stm32f4xx_rcc.o [5]
  .text              ro code   0x802'3aac    0xb8  misc.o [5]
  .text              ro code   0x802'3b64   0xb78  os_core.o [10]
  .text              ro code   0x802'46dc   0x1c8  stm32f4xx_adc.o [5]
  .text              ro code   0x802'48a4    0x1c  U32ToDbl.o [17]
  .text              ro code   0x802'48c0   0x1aa  DblMul.o [17]
  .rodata            const     0x802'4a6a     0x2  os_dbg.o [10]
  .text              ro code   0x802'4a6c   0x246  DblDiv.o [17]
  .rodata            const     0x802'4cb2     0x2  os_dbg.o [10]
  .text              ro code   0x802'4cb4    0x22  DblToU32.o [17]
  .rodata            const     0x802'4cd6     0x2  os_dbg.o [10]
  .text              ro code   0x802'4cd8   0x25e  DblAddSub.o [17]
  .rodata            const     0x802'4f36     0x2  os_dbg.o [10]
  .text              ro code   0x802'4f38    0x36  DblToS32.o [17]
  .rodata            const     0x802'4f6e     0x2  os_dbg.o [10]
  .text              ro code   0x802'4f70    0x28  printf.o [16]
  .text              ro code   0x802'4f98   0x2e4  adjustvoltage.o [4]
  .text              ro code   0x802'527c    0xcc  stm32f4xx_dac.o [5]
  .text              ro code   0x802'5348   0x150  tlv5626cd.o [4]
  .text              ro code   0x802'5498   0x2b8  os_time.o [10]
  .text              ro code   0x802'5750     0x8  abs.o [16]
  .text              ro code   0x802'5758   0xda8  os_task.o [10]
  .text              ro code   0x802'6500   0x1bc  os_cpu_c.o [9]
  .text              ro code   0x802'66bc    0x94  os_prio.o [10]
  .text              ro code   0x802'6750   0x1e8  os_flag.o [10]
  .text              ro code   0x802'6938    0x1c  os_mem.o [10]
  .text              ro code   0x802'6954   0x190  os_msg.o [10]
  .text              ro code   0x802'6ae4   0x4f0  os_mutex.o [10]
  .text              ro code   0x802'6fd4   0x104  os_q.o [10]
  .text              ro code   0x802'70d8    0xd0  os_sem.o [10]
  .text              ro code   0x802'71a8   0x428  os_int.o [10]
  .text              ro code   0x802'75d0   0x4f0  os_tick.o [10]
  .text              ro code   0x802'7ac0   0x520  os_stat.o [10]
  .text              ro code   0x802'7fe0   0x3f0  os_tmr.o [10]
  .text              ro code   0x802'83d0   0x1a8  os_dbg.o [10]
  .text              ro code   0x802'8578    0xe0  os_cfg_app.o [10]
  CODE               ro code   0x802'8658    0x34  cpu_a.o [8]
  CODE               ro code   0x802'868c    0x94  os_cpu_a.o [9]
  .text              ro code   0x802'8720    0x4c  bsp.o [6]
  .text              ro code   0x802'876c   0x136  xprintftiny.o [16]
  .rodata            const     0x802'88a2     0x2  os_dbg.o [10]
  .text              ro code   0x802'88a4    0x68  DblToFlt.o [17]
  .text              ro code   0x802'890c    0x48  FltToDbl.o [17]
  .text              ro code   0x802'8954    0xd8  FltMul.o [17]
  .text              ro code   0x802'8a2c   0x10c  spi.o [2]
  .text              ro code   0x802'8b38   0x49c  system.o [4]
  .text              ro code   0x802'8fd4    0x4c  cpu_core.o [8]
  .text              ro code   0x802'9020    0x36  strlen.o [18]
  .rodata            const     0x802'9056     0x2  os_dbg.o [10]
  .text              ro code   0x802'9058    0x6c  stm32f4xx_spi.o [5]
  .text              ro code   0x802'90c4    0x58  lib_mem.o [11]
  .text              ro code   0x802'911c   0xa06  usb_core.o [14]
  .rodata            const     0x802'9b22     0x2  os_dbg.o [10]
  .text              ro code   0x802'9b24    0x9a  usb_bsp.o [12]
  .rodata            const     0x802'9bbe     0x2  os_dbg.o [10]
  .text              ro code   0x802'9bc0   0x88c  power.o [4]
  .text              ro code   0x802'a44c   0x3c0  bat1.o [4]
  .text              ro code   0x802'a80c   0x404  bat2.o [4]
  .text              ro code   0x802'ac10    0x66  ABImemset.o [18]
  .rodata            const     0x802'ac76     0x2  os_dbg.o [10]
  .text              ro code   0x802'ac78    0x22  S32ToDbl.o [17]
  .rodata            const     0x802'ac9a     0x2  os_dbg.o [10]
  .text              ro code   0x802'ac9c   0x774  usb_dcd_int.o [14]
  .text              ro code   0x802'b410   0x6f8  gpio.o [2]
  .text              ro code   0x802'bb08     0xc  stm32f4xx_pwr.o [5]
  .text              ro code   0x802'bb14   0x6f6  emc2305.o [4]
  .rodata            const     0x802'c20a     0x2  os_dbg.o [10]
  .text              ro code   0x802'c20c   0x676  usbd_req.o [13]
  .text              ro code   0x802'c882    0xcc  usbd_ioreq.o [13]
  .text              ro code   0x802'c94e   0x266  usb_dcd.o [14]
  .text              ro code   0x802'cbb4   0x326  usbd_core.o [13]
  .rodata            const     0x802'ceda     0x2  os_dbg.o [10]
  .text              ro code   0x802'cedc   0x470  app_sysonoff.o [1]
  .text              ro code   0x802'd34c   0x324  usbd_cdc_core.o [13]
  .text              ro code   0x802'd670   0x2d0  board.o [2]
  .text              ro code   0x802'd940   0x1a0  usart.o [2]
  .text              ro code   0x802'dae0   0x1f8  stm32f4xx_usart.o [5]
  .text              ro code   0x802'dcd8    0xb8  dma.o [2]
  .text              ro code   0x802'dd90    0xa2  nvic.o [2]
  .text              ro code   0x802'de32    0x30  dac.o [2]
  .rodata            const     0x802'de62     0x2  os_dbg.o [10]
  .text              ro code   0x802'de64    0xc0  timer.o [2]
  .text              ro code   0x802'df24    0xc0  stm32f4xx_tim.o [5]
  .text              ro code   0x802'dfe4   0x144  system_stm32f4xx.o [3]
  .text              ro code   0x802'e128   0x13e  usbd_desc.o [12]
  .rodata            const     0x802'e266     0x2  os_dbg.o [10]
  .text              ro code   0x802'e268   0x110  app.o [1]
  .text              ro code   0x802'e378    0xb8  app_led.o [1]
  .text              ro code   0x802'e430    0x98  app_usb.o [1]
  .text              ro code   0x802'e4c8    0xf4  app_com.o [1]
  .text              ro code   0x802'e5bc    0xf4  app_comdebug.o [1]
  .text              ro code   0x802'e6b0    0x6c  app_fan.o [1]
  .text              ro code   0x802'e71c    0x68  app_pwrmanager.o [1]
  .text              ro code   0x802'e784    0x70  app_temperature.o [1]
  .text              ro code   0x802'e7f4    0x60  usbd_cdc_vcp.o [12]
  .text              ro code   0x802'e854    0xa2  packbits_init.o [18]
  .text              ro code   0x802'e8f6     0x6  abort.o [16]
  .text              ro code   0x802'e8fc    0x14  exit.o [19]
  .text              ro code   0x802'e910    0x98  stm32f4xx_it.o [15]
  .text              ro code   0x802'e9a8    0x78  main.o [15]
  .rodata            const     0x802'ea20    0x54  app_adjvol.o [1]
  .rodata            const     0x802'ea74    0x54  app_adjvol.o [1]
  .rodata            const     0x802'eac8    0x50  app_adjvol.o [1]
  .rodata            const     0x802'eb18    0x3c  app_adjvol.o [1]
  .rodata            const     0x802'eb54    0x3c  app_adjvol.o [1]
  .text              ro code   0x802'eb90    0x38  zero_init3.o [18]
  .rodata            const     0x802'ebc8    0x30  app_adjvol.o [1]
  .rodata            const     0x802'ebf8    0x30  os_dbg.o [10]
  .rodata            const     0x802'ec28    0x30  os_dbg.o [10]
  .rodata            const     0x802'ec58    0x2c  os_dbg.o [10]
  .rodata            const     0x802'ec84    0x28  os_dbg.o [10]
  .rodata            const     0x802'ecac    0x28  os_dbg.o [10]
  .rodata            const     0x802'ecd4    0x28  power.o [4]
  .rodata            const     0x802'ecfc    0x28  power.o [4]
  .text              ro code   0x802'ed24    0x28  data_init.o [18]
  .rodata            const     0x802'ed4c    0x24  power.o [4]
  .rodata            const     0x802'ed70    0x24  power.o [4]
  .rodata            const     0x802'ed94    0x24  power.o [4]
  .rodata            const     0x802'edb8    0x24  power.o [4]
  .rodata            const     0x802'eddc    0x24  power.o [4]
  .rodata            const     0x802'ee00    0x24  power.o [4]
  .rodata            const     0x802'ee24    0x24  usbd_desc.o [12]
  .rodata            const     0x802'ee48    0x24  usbd_desc.o [12]
  .iar.init_table    const     0x802'ee6c    0x2c  - Linker created -
  .rodata            const     0x802'ee98    0x20  app_adjvol.o [1]
  .rodata            const     0x802'eeb8    0x20  os_dbg.o [10]
  .text              ro code   0x802'eed8    0x1e  cmain.o [18]
  .text              ro code   0x802'eef6     0x4  low_level_init.o [16]
  .text              ro code   0x802'eefa     0x4  exit.o [16]
  .rodata            const     0x802'eefe     0x2  os_dbg.o [10]
  .text              ro code   0x802'ef00     0xa  cexit.o [18]
  .rodata            const     0x802'ef0a     0x2  os_dbg.o [10]
  .rodata            const     0x802'ef0c    0x1c  app_adjvol.o [1]
  .rodata            const     0x802'ef28    0x1c  main.o [15]
  .rodata            const     0x802'ef44    0x1c  os_int.o [10]
  .text              ro code   0x802'ef60    0x1c  cstartup_M.o [18]
  .rodata            const     0x802'ef7c    0x18  app_temperature.o [1]
  .rodata            const     0x802'ef94    0x18  emc2305.o [4]
  .rodata            const     0x802'efac    0x18  emc2305.o [4]
  .rodata            const     0x802'efc4    0x18  emc2305.o [4]
  .rodata            const     0x802'efdc    0x18  emc2305.o [4]
  .rodata            const     0x802'eff4    0x18  emc2305.o [4]
  .rodata            const     0x802'f00c    0x18  os_tmr.o [10]
  .text              ro code   0x802'f024    0x16  xprout.o [16]
  .rodata            const     0x802'f03a     0x2  os_dbg.o [10]
  .text              ro code   0x802'f03c     0xc  putchar.o [16]
  .rodata            const     0x802'f048    0x14  app.o [1]
  .rodata            const     0x802'f05c    0x14  app_adjvol.o [1]
  .rodata            const     0x802'f070    0x14  app_comdebug.o [1]
  .rodata            const     0x802'f084    0x14  app_pwrmanager.o [1]
  .rodata            const     0x802'f098    0x14  os_core.o [10]
  .rodata            const     0x802'f0ac    0x14  os_stat.o [10]
  .rodata            const     0x802'f0c0    0x14  os_tick.o [10]
  .rodata            const     0x802'f0d4    0x14  stm32f4xx_it.o [15]
  .rodata            const     0x802'f0e8    0x14  usbd_desc.o [12]
  .rodata            const     0x802'f0fc    0x10  app.o [1]
  .rodata            const     0x802'f10c    0x10  app_adjvol.o [1]
  .rodata            const     0x802'f11c    0x10  app_adjvol.o [1]
  .rodata            const     0x802'f12c    0x10  app_com.o [1]
  .rodata            const     0x802'f13c    0x10  app_fan.o [1]
  .rodata            const     0x802'f14c    0x10  app_led.o [1]
  .rodata            const     0x802'f15c    0x10  app_sysonoff.o [1]
  .rodata            const     0x802'f16c    0x10  app_usb.o [1]
  .rodata            const     0x802'f17c    0x10  os_tmr.o [10]
  .rodata            const     0x802'f18c    0x10  usbd_desc.o [12]
  .text              ro code   0x802'f19c    0x10  app_timer.o [1]
  .text              ro code   0x802'f1ac    0x10  startup_stm32f40_41xxx.o [3]
  .rodata            const     0x802'f1bc     0xc  app_adjvol.o [1]
  .rodata            const     0x802'f1c8     0xc  app_adjvol.o [1]
  .rodata            const     0x802'f1d4     0xc  os_core.o [10]
  .rodata            const     0x802'f1e0     0xc  usbd_desc.o [12]
  .rodata            const     0x802'f1ec     0x8  os_core.o [10]
  .rodata            const     0x802'f1f4     0x8  os_task.o [10]
  .rodata            const     0x802'f1fc     0x4  os_cfg_app.o [10]
  .rodata            const     0x802'f200     0x4  os_cfg_app.o [10]
  .rodata            const     0x802'f204     0x4  os_cfg_app.o [10]
  .rodata            const     0x802'f208     0x4  os_cfg_app.o [10]
  .rodata            const     0x802'f20c     0x4  os_cfg_app.o [10]
  .rodata            const     0x802'f210     0x4  os_cfg_app.o [10]
  .rodata            const     0x802'f214     0x4  os_cfg_app.o [10]
  .rodata            const     0x802'f218     0x4  os_cfg_app.o [10]
  .rodata            const     0x802'f21c     0x4  os_cfg_app.o [10]
  .rodata            const     0x802'f220     0x4  os_cfg_app.o [10]
  .rodata            const     0x802'f224     0x4  os_cfg_app.o [10]
  .rodata            const     0x802'f228     0x4  os_cfg_app.o [10]
  .rodata            const     0x802'f22c     0x4  os_cfg_app.o [10]
  .rodata            const     0x802'f230     0x4  os_cfg_app.o [10]
  .rodata            const     0x802'f234     0x4  os_cfg_app.o [10]
  .rodata            const     0x802'f238     0x4  os_cfg_app.o [10]
  .rodata            const     0x802'f23c     0x4  os_cfg_app.o [10]
  .rodata            const     0x802'f240     0x4  os_cfg_app.o [10]
  .rodata            const     0x802'f244     0x4  os_cfg_app.o [10]
  .rodata            const     0x802'f248     0x4  os_cfg_app.o [10]
  .rodata            const     0x802'f24c     0x4  os_cfg_app.o [10]
  .rodata            const     0x802'f250     0x4  os_cfg_app.o [10]
  .rodata            const     0x802'f254     0x4  os_cfg_app.o [10]
  .rodata            const     0x802'f258     0x4  os_cfg_app.o [10]
  .rodata            const     0x802'f25c     0x4  os_cfg_app.o [10]
  .rodata            const     0x802'f260     0x4  os_cfg_app.o [10]
  .rodata            const     0x802'f264     0x4  os_cfg_app.o [10]
  .rodata            const     0x802'f268     0x4  os_cfg_app.o [10]
  .rodata            const     0x802'f26c     0x4  os_cfg_app.o [10]
  .rodata            const     0x802'f270     0x4  os_cfg_app.o [10]
  .rodata            const     0x802'f274     0x4  os_cfg_app.o [10]
  .rodata            const     0x802'f278     0x4  os_cfg_app.o [10]
  .rodata            const     0x802'f27c     0x4  os_dbg.o [10]
  .rodata            const     0x802'f280     0x4  os_dbg.o [10]
  .rodata            const     0x802'f284     0x4  os_dbg.o [10]
  .text              ro code   0x802'f288     0x4  startup_stm32f40_41xxx.o [3]
  .text              ro code   0x802'f28c     0x4  startup_stm32f40_41xxx.o [3]
  .text              ro code   0x802'f290     0x4  startup_stm32f40_41xxx.o [3]
  .text              ro code   0x802'f294     0x4  startup_stm32f40_41xxx.o [3]
  .text              ro code   0x802'f298     0x4  startup_stm32f40_41xxx.o [3]
  .text              ro code   0x802'f29c     0x4  startup_stm32f40_41xxx.o [3]
  .text              ro code   0x802'f2a0     0x4  startup_stm32f40_41xxx.o [3]
  .text              ro code   0x802'f2a4     0x4  startup_stm32f40_41xxx.o [3]
  .text              ro code   0x802'f2a8     0x4  startup_stm32f40_41xxx.o [3]
  .text              ro code   0x802'f2ac     0x4  startup_stm32f40_41xxx.o [3]
  .text              ro code   0x802'f2b0     0x4  startup_stm32f40_41xxx.o [3]
  .text              ro code   0x802'f2b4     0x4  startup_stm32f40_41xxx.o [3]
  .text              ro code   0x802'f2b8     0x4  startup_stm32f40_41xxx.o [3]
  .text              ro code   0x802'f2bc     0x4  startup_stm32f40_41xxx.o [3]
  .text              ro code   0x802'f2c0     0x4  startup_stm32f40_41xxx.o [3]
  .text              ro code   0x802'f2c4     0x4  startup_stm32f40_41xxx.o [3]
  .text              ro code   0x802'f2c8     0x4  startup_stm32f40_41xxx.o [3]
  .text              ro code   0x802'f2cc     0x4  startup_stm32f40_41xxx.o [3]
  .text              ro code   0x802'f2d0     0x4  startup_stm32f40_41xxx.o [3]
  .text              ro code   0x802'f2d4     0x4  startup_stm32f40_41xxx.o [3]
  .text              ro code   0x802'f2d8     0x4  startup_stm32f40_41xxx.o [3]
  .text              ro code   0x802'f2dc     0x4  startup_stm32f40_41xxx.o [3]
  .text              ro code   0x802'f2e0     0x4  startup_stm32f40_41xxx.o [3]
  .text              ro code   0x802'f2e4     0x4  startup_stm32f40_41xxx.o [3]
  .text              ro code   0x802'f2e8     0x4  startup_stm32f40_41xxx.o [3]
  .text              ro code   0x802'f2ec     0x4  startup_stm32f40_41xxx.o [3]
  .text              ro code   0x802'f2f0     0x4  startup_stm32f40_41xxx.o [3]
  .text              ro code   0x802'f2f4     0x4  startup_stm32f40_41xxx.o [3]
  .text              ro code   0x802'f2f8     0x4  startup_stm32f40_41xxx.o [3]
  .text              ro code   0x802'f2fc     0x4  startup_stm32f40_41xxx.o [3]
  .text              ro code   0x802'f300     0x4  startup_stm32f40_41xxx.o [3]
  .text              ro code   0x802'f304     0x4  startup_stm32f40_41xxx.o [3]
  .text              ro code   0x802'f308     0x4  startup_stm32f40_41xxx.o [3]
  .text              ro code   0x802'f30c     0x4  startup_stm32f40_41xxx.o [3]
  .text              ro code   0x802'f310     0x4  startup_stm32f40_41xxx.o [3]
  .text              ro code   0x802'f314     0x4  startup_stm32f40_41xxx.o [3]
  .text              ro code   0x802'f318     0x4  startup_stm32f40_41xxx.o [3]
  .text              ro code   0x802'f31c     0x4  startup_stm32f40_41xxx.o [3]
  .text              ro code   0x802'f320     0x4  startup_stm32f40_41xxx.o [3]
  .text              ro code   0x802'f324     0x4  startup_stm32f40_41xxx.o [3]
  .text              ro code   0x802'f328     0x4  startup_stm32f40_41xxx.o [3]
  .text              ro code   0x802'f32c     0x4  startup_stm32f40_41xxx.o [3]
  .text              ro code   0x802'f330     0x4  startup_stm32f40_41xxx.o [3]
  .text              ro code   0x802'f334     0x4  startup_stm32f40_41xxx.o [3]
  .text              ro code   0x802'f338     0x4  startup_stm32f40_41xxx.o [3]
  .text              ro code   0x802'f33c     0x4  startup_stm32f40_41xxx.o [3]
  .text              ro code   0x802'f340     0x4  startup_stm32f40_41xxx.o [3]
  .text              ro code   0x802'f344     0x4  startup_stm32f40_41xxx.o [3]
  .text              ro code   0x802'f348     0x4  startup_stm32f40_41xxx.o [3]
  .text              ro code   0x802'f34c     0x4  startup_stm32f40_41xxx.o [3]
  .text              ro code   0x802'f350     0x4  startup_stm32f40_41xxx.o [3]
  .text              ro code   0x802'f354     0x4  startup_stm32f40_41xxx.o [3]
  .text              ro code   0x802'f358     0x4  startup_stm32f40_41xxx.o [3]
  .text              ro code   0x802'f35c     0x4  startup_stm32f40_41xxx.o [3]
  .text              ro code   0x802'f360     0x4  startup_stm32f40_41xxx.o [3]
  .text              ro code   0x802'f364     0x4  startup_stm32f40_41xxx.o [3]
  .text              ro code   0x802'f368     0x4  startup_stm32f40_41xxx.o [3]
  .text              ro code   0x802'f36c     0x4  startup_stm32f40_41xxx.o [3]
  .text              ro code   0x802'f370     0x4  startup_stm32f40_41xxx.o [3]
  .text              ro code   0x802'f374     0x4  startup_stm32f40_41xxx.o [3]
  .text              ro code   0x802'f378     0x4  startup_stm32f40_41xxx.o [3]
  .text              ro code   0x802'f37c     0x4  startup_stm32f40_41xxx.o [3]
  .text              ro code   0x802'f380     0x4  startup_stm32f40_41xxx.o [3]
  .text              ro code   0x802'f384     0x4  startup_stm32f40_41xxx.o [3]
  .text              ro code   0x802'f388     0x4  startup_stm32f40_41xxx.o [3]
  .text              ro code   0x802'f38c     0x4  startup_stm32f40_41xxx.o [3]
  .text              ro code   0x802'f390     0x4  startup_stm32f40_41xxx.o [3]
  .text              ro code   0x802'f394     0x4  startup_stm32f40_41xxx.o [3]
  .text              ro code   0x802'f398     0x4  startup_stm32f40_41xxx.o [3]
  .text              ro code   0x802'f39c     0x4  startup_stm32f40_41xxx.o [3]
  .text              ro code   0x802'f3a0     0x4  startup_stm32f40_41xxx.o [3]
  .text              ro code   0x802'f3a4     0x4  startup_stm32f40_41xxx.o [3]
  .text              ro code   0x802'f3a8     0x4  startup_stm32f40_41xxx.o [3]
  .text              ro code   0x802'f3ac     0x4  startup_stm32f40_41xxx.o [3]
  .text              ro code   0x802'f3b0     0x4  startup_stm32f40_41xxx.o [3]
  .text              ro code   0x802'f3b4     0x4  startup_stm32f40_41xxx.o [3]
  .rodata            const     0x802'f3b8     0x2  os_dbg.o [10]
  .rodata            const     0x802'f3ba     0x2  os_dbg.o [10]
  .rodata            const     0x802'f3bc     0x2  os_dbg.o [10]
  .rodata            const     0x802'f3be     0x2  os_dbg.o [10]
  .rodata            const     0x802'f3c0     0x1  os_cfg_app.o [10]
  .rodata            const     0x802'f3c1     0x1  os_cfg_app.o [10]
  .rodata            const     0x802'f3c2     0x1  os_cfg_app.o [10]
  .rodata            const     0x802'f3c3     0x1  os_dbg.o [10]
  .rodata            const     0x802'f3c4     0x1  os_dbg.o [10]
  .rodata            const     0x802'f3c5     0x1  os_dbg.o [10]
  .rodata            const     0x802'f3c6     0x1  os_dbg.o [10]
  .rodata            const     0x802'f3c7     0x1  os_dbg.o [10]
  .rodata            const     0x802'f3c8     0x1  os_dbg.o [10]
  .rodata            const     0x802'f3c9     0x1  os_dbg.o [10]
  .rodata            const     0x802'f3ca     0x1  os_dbg.o [10]
  .rodata            const     0x802'f3cb     0x1  os_dbg.o [10]
  .rodata            const     0x802'f3cc     0x1  os_dbg.o [10]
  .rodata            const     0x802'f3cd     0x1  os_dbg.o [10]
  .rodata            const     0x802'f3ce     0x1  os_dbg.o [10]
  .rodata            const     0x802'f3cf     0x1  os_dbg.o [10]
  .rodata            const     0x802'f3d0     0x1  os_dbg.o [10]
  .rodata            const     0x802'f3d1     0x1  os_dbg.o [10]
  .rodata            const     0x802'f3d2     0x1  os_dbg.o [10]
  .rodata            const     0x802'f3d3     0x1  os_dbg.o [10]
  .rodata            const     0x802'f3d4     0x1  os_dbg.o [10]
  .rodata            const     0x802'f3d5     0x1  os_dbg.o [10]
  .rodata            const     0x802'f3d6     0x1  os_dbg.o [10]
  .rodata            const     0x802'f3d7     0x1  os_dbg.o [10]
  .rodata            const     0x802'f3d8     0x1  os_dbg.o [10]
  .rodata            const     0x802'f3d9     0x1  os_dbg.o [10]
  .rodata            const     0x802'f3da     0x1  os_dbg.o [10]
  .rodata            const     0x802'f3db     0x1  os_dbg.o [10]
  .rodata            const     0x802'f3dc     0x1  os_dbg.o [10]
  .rodata            const     0x802'f3dd     0x1  os_dbg.o [10]
  .rodata            const     0x802'f3de     0x1  os_dbg.o [10]
  .rodata            const     0x802'f3df     0x1  os_dbg.o [10]
  .rodata            const     0x802'f3e0     0x1  os_dbg.o [10]
  .rodata            const     0x802'f3e1     0x1  os_dbg.o [10]
  .rodata            const     0x802'f3e2     0x1  os_dbg.o [10]
  .rodata            const     0x802'f3e3     0x1  os_dbg.o [10]
  .rodata            const     0x802'f3e4     0x1  os_dbg.o [10]
  .rodata            const     0x802'f3e5     0x1  os_dbg.o [10]
  .rodata            const     0x802'f3e6     0x1  os_dbg.o [10]
  .rodata            const     0x802'f3e7     0x1  os_dbg.o [10]
  .rodata            const     0x802'f3e8     0x1  os_dbg.o [10]
  .rodata            const     0x802'f3e9     0x1  os_dbg.o [10]
  .rodata            const     0x802'f3ea     0x0  zero_init3.o [18]
  .rodata            const     0x802'f3ea     0x0  packbits_init.o [18]
  Initializer bytes  const     0x802'f3ea   0x1d7  <for P4 s0>
                             - 0x802'f5c1  0xf439

"P4", part 1 of 3:                          0x29c
  P4 s0                       0x2000'0000   0x29c  <Init block>
    .data            inited   0x2000'0000    0xa0  system.o [4]
    .data            inited   0x2000'00a0    0x48  xfiles.o [16]
    .data            inited   0x2000'00e8    0x44  usbd_cdc_core.o [13]
    .data            inited   0x2000'012c    0x34  command_process.o [4]
    .data            inited   0x2000'0160    0x2c  usbd_cdc_core.o [13]
    .data            inited   0x2000'018c    0x2c  usbd_core.o [13]
    .data            inited   0x2000'01b8    0x1c  usbd_desc.o [12]
    .data            inited   0x2000'01d4    0x1c  usbd_desc.o [12]
    .data            inited   0x2000'01f0    0x1c  usbd_usr.o [12]
    .data            inited   0x2000'020c    0x14  usbd_cdc_vcp.o [12]
    .data            inited   0x2000'0220    0x14  usbd_desc.o [12]
    .data            inited   0x2000'0234    0x10  stm32f4xx_rcc.o [5]
    .data            inited   0x2000'0244     0xc  command_process.o [4]
    .data            inited   0x2000'0250     0xc  command_process.o [4]
    .data            inited   0x2000'025c     0xc  command_process.o [4]
    .data            inited   0x2000'0268     0x8  command_process.o [4]
    .data            inited   0x2000'0270     0x8  usart.o [2]
    .data            inited   0x2000'0278     0x8  usart.o [2]
    .data            inited   0x2000'0280     0x8  usart.o [2]
    .data            inited   0x2000'0288     0x8  usart.o [2]
    .data            inited   0x2000'0290     0x4  usbd_cdc_core.o [13]
    .data            inited   0x2000'0294     0x4  usbd_core.o [13]
    .data            inited   0x2000'0298     0x4  usbd_desc.o [12]
                            - 0x2000'029c   0x29c

"P4", part 2 of 3:                         0x6f30
  .bss               zero     0x2000'029c  0x1000  app_adjvol.o [1]
  .bss               zero     0x2000'129c   0x800  app_sysonoff.o [1]
  .bss               zero     0x2000'1a9c   0x800  usbd_cdc_core.o [13]
  .bss               zero     0x2000'229c   0x640  os_cfg_app.o [10]
  .bss               zero     0x2000'28dc   0x5f4  app_sysonoff.o [1]
  .bss               zero     0x2000'2ed0   0x400  app.o [1]
  .bss               zero     0x2000'32d0   0x400  app_com.o [1]
  .bss               zero     0x2000'36d0   0x400  app_comdebug.o [1]
  .bss               zero     0x2000'3ad0   0x400  app_fan.o [1]
  .bss               zero     0x2000'3ed0   0x400  app_led.o [1]
  .bss               zero     0x2000'42d0   0x400  app_pwrmanager.o [1]
  .bss               zero     0x2000'46d0   0x400  app_temperature.o [1]
  .bss               zero     0x2000'4ad0   0x400  app_usb.o [1]
  .bss               zero     0x2000'4ed0   0x300  os_var.o [10]
  .bss               zero     0x2000'51d0   0x230  adc.o [2]
  .bss               zero     0x2000'5400   0x200  os_cfg_app.o [10]
  .bss               zero     0x2000'5600   0x200  os_cfg_app.o [10]
  .bss               zero     0x2000'5800   0x200  os_cfg_app.o [10]
  .bss               zero     0x2000'5a00   0x200  os_cfg_app.o [10]
  .bss               zero     0x2000'5c00   0x200  os_cfg_app.o [10]
  .bss               zero     0x2000'5e00   0x200  os_cfg_app.o [10]
  .bss               zero     0x2000'6000   0x140  os_cfg_app.o [10]
  .bss               zero     0x2000'6140   0x100  usbd_desc.o [12]
  .bss               zero     0x2000'6240    0xc0  app.o [1]
  .bss               zero     0x2000'6300    0xc0  app_adjvol.o [1]
  .bss               zero     0x2000'63c0    0xc0  app_com.o [1]
  .bss               zero     0x2000'6480    0xc0  app_comdebug.o [1]
  .bss               zero     0x2000'6540    0xc0  app_fan.o [1]
  .bss               zero     0x2000'6600    0xc0  app_led.o [1]
  .bss               zero     0x2000'66c0    0xc0  app_pwrmanager.o [1]
  .bss               zero     0x2000'6780    0xc0  app_sysonoff.o [1]
  .bss               zero     0x2000'6840    0xc0  app_temperature.o [1]
  .bss               zero     0x2000'6900    0xc0  app_usb.o [1]
  .bss               zero     0x2000'69c0    0xc0  os_var.o [10]
  .bss               zero     0x2000'6a80    0xc0  os_var.o [10]
  .bss               zero     0x2000'6b40    0xc0  os_var.o [10]
  .bss               zero     0x2000'6c00    0xc0  os_var.o [10]
  .bss               zero     0x2000'6cc0    0xc0  os_var.o [10]
  .bss               zero     0x2000'6d80    0x64  command_process.o [4]
  .bss               zero     0x2000'6de4    0x64  command_process.o [4]
  .bss               zero     0x2000'6e48    0x64  usart.o [2]
  .bss               zero     0x2000'6eac    0x64  usart.o [2]
  .bss               zero     0x2000'6f10    0x50  adc.o [2]
  .bss               zero     0x2000'6f60    0x50  xfiles.o [16]
  .bss               zero     0x2000'6fb0    0x40  app_usb.o [1]
  .bss               zero     0x2000'6ff0    0x40  usbd_cdc_core.o [13]
  .bss               zero     0x2000'7030    0x30  app.o [1]
  .bss               zero     0x2000'7060    0x2c  os_var.o [10]
  .bss               zero     0x2000'708c    0x10  cpu_core.o [8]
  .bss               zero     0x2000'709c     0xc  os_var.o [10]
  .bss               zero     0x2000'70a8     0x8  os_prio.o [10]
  .bss               zero     0x2000'70b0     0x8  os_var.o [10]
  .bss               zero     0x2000'70b8     0x8  os_var.o [10]
  .bss               zero     0x2000'70c0     0x8  usbd_cdc_core.o [13]
  .bss               zero     0x2000'70c8     0x4  cpu_core.o [8]
  .bss               zero     0x2000'70cc     0x4  os_cpu_c.o [9]
  .bss               zero     0x2000'70d0     0x4  os_var.o [10]
  .bss               zero     0x2000'70d4     0x4  os_var.o [10]
  .bss               zero     0x2000'70d8     0x4  os_var.o [10]
  .bss               zero     0x2000'70dc     0x4  os_var.o [10]
  .bss               zero     0x2000'70e0     0x4  os_var.o [10]
  .bss               zero     0x2000'70e4     0x4  os_var.o [10]
  .bss               zero     0x2000'70e8     0x4  os_var.o [10]
  .bss               zero     0x2000'70ec     0x4  os_var.o [10]
  .bss               zero     0x2000'70f0     0x4  os_var.o [10]
  .bss               zero     0x2000'70f4     0x4  os_var.o [10]
  .bss               zero     0x2000'70f8     0x4  os_var.o [10]
  .bss               zero     0x2000'70fc     0x4  os_var.o [10]
  .bss               zero     0x2000'7100     0x4  os_var.o [10]
  .bss               zero     0x2000'7104     0x4  os_var.o [10]
  .bss               zero     0x2000'7108     0x4  os_var.o [10]
  .bss               zero     0x2000'710c     0x4  os_var.o [10]
  .bss               zero     0x2000'7110     0x4  os_var.o [10]
  .bss               zero     0x2000'7114     0x4  os_var.o [10]
  .bss               zero     0x2000'7118     0x4  os_var.o [10]
  .bss               zero     0x2000'711c     0x4  os_var.o [10]
  .bss               zero     0x2000'7120     0x4  os_var.o [10]
  .bss               zero     0x2000'7124     0x4  os_var.o [10]
  .bss               zero     0x2000'7128     0x4  os_var.o [10]
  .bss               zero     0x2000'712c     0x4  os_var.o [10]
  .bss               zero     0x2000'7130     0x4  os_var.o [10]
  .bss               zero     0x2000'7134     0x4  os_var.o [10]
  .bss               zero     0x2000'7138     0x4  os_var.o [10]
  .bss               zero     0x2000'713c     0x4  os_var.o [10]
  .bss               zero     0x2000'7140     0x4  os_var.o [10]
  .bss               zero     0x2000'7144     0x4  os_var.o [10]
  .bss               zero     0x2000'7148     0x4  os_var.o [10]
  .bss               zero     0x2000'714c     0x4  os_var.o [10]
  .bss               zero     0x2000'7150     0x4  os_var.o [10]
  .bss               zero     0x2000'7154     0x4  os_var.o [10]
  .bss               zero     0x2000'7158     0x4  os_var.o [10]
  .bss               zero     0x2000'715c     0x4  os_var.o [10]
  .bss               zero     0x2000'7160     0x4  systick.o [2]
  .bss               zero     0x2000'7164     0x4  usbd_cdc_core.o [13]
  .bss               zero     0x2000'7168     0x4  usbd_cdc_core.o [13]
  .bss               zero     0x2000'716c     0x4  usbd_cdc_core.o [13]
  .bss               zero     0x2000'7170     0x4  usbd_cdc_core.o [13]
  .bss               zero     0x2000'7174     0x4  usbd_cdc_core.o [13]
  .bss               zero     0x2000'7178     0x4  usbd_cdc_core.o [13]
  .bss               zero     0x2000'717c     0x4  usbd_cdc_vcp.o [12]
  .bss               zero     0x2000'7180     0x4  usbd_core.o [13]
  .bss               zero     0x2000'7184     0x4  usbd_req.o [13]
  .bss               zero     0x2000'7188     0x4  usbd_req.o [13]
  .bss               zero     0x2000'718c     0x4  usbd_req.o [13]
  .bss               zero     0x2000'7190     0x2  app_sysonoff.o [1]
  .bss               zero     0x2000'7192     0x2  os_var.o [10]
  .bss               zero     0x2000'7194     0x2  os_var.o [10]
  .bss               zero     0x2000'7196     0x2  os_var.o [10]
  .bss               zero     0x2000'7198     0x2  os_var.o [10]
  .bss               zero     0x2000'719a     0x2  os_var.o [10]
  .bss               zero     0x2000'719c     0x2  os_var.o [10]
  .bss               zero     0x2000'719e     0x2  os_var.o [10]
  .bss               zero     0x2000'71a0     0x2  os_var.o [10]
  .bss               zero     0x2000'71a2     0x2  os_var.o [10]
  .bss               zero     0x2000'71a4     0x2  os_var.o [10]
  .bss               zero     0x2000'71a6     0x2  os_var.o [10]
  .bss               zero     0x2000'71a8     0x2  os_var.o [10]
  .bss               zero     0x2000'71aa     0x2  os_var.o [10]
  .bss               zero     0x2000'71ac     0x2  power.o [4]
  .bss               zero     0x2000'71ae     0x2  power.o [4]
  .bss               zero     0x2000'71b0     0x2  system.o [4]
  .bss               zero     0x2000'71b2     0x1  app_sysonoff.o [1]
  .bss               zero     0x2000'71b3     0x1  ds2431.o [4]
  .bss               zero     0x2000'71b4     0x1  ds2431.o [4]
  .bss               zero     0x2000'71b5     0x1  ds2431.o [4]
  .bss               zero     0x2000'71b6     0x1  emc2305.o [4]
  .bss               zero     0x2000'71b7     0x1  emc2305.o [4]
  .bss               zero     0x2000'71b8     0x1  os_var.o [10]
  .bss               zero     0x2000'71b9     0x1  os_var.o [10]
  .bss               zero     0x2000'71ba     0x1  os_var.o [10]
  .bss               zero     0x2000'71bb     0x1  os_var.o [10]
  .bss               zero     0x2000'71bc     0x1  os_var.o [10]
  .bss               zero     0x2000'71bd     0x1  os_var.o [10]
  .bss               zero     0x2000'71be     0x1  os_var.o [10]
  .bss               zero     0x2000'71bf     0x1  os_var.o [10]
  .bss               zero     0x2000'71c0     0x1  os_var.o [10]
  .bss               zero     0x2000'71c1     0x1  os_var.o [10]
  .bss               zero     0x2000'71c2     0x1  system.o [4]
  .bss               zero     0x2000'71c3     0x1  system.o [4]
  .bss               zero     0x2000'71c4     0x1  system.o [4]
  .bss               zero     0x2000'71c5     0x1  system.o [4]
  .bss               zero     0x2000'71c6     0x1  system.o [4]
  .bss               zero     0x2000'71c7     0x1  usbd_cdc_core.o [13]
  .bss               zero     0x2000'71c8     0x1  usbd_req.o [13]
                            - 0x2000'71c9  0x6f2d

"P4", part 3 of 3:                         0x2000
  CSTACK                      0x2000'71d0  0x2000  <Block>
    CSTACK           uninit   0x2000'71d0  0x2000  <Block tail>
                            - 0x2000'91d0  0x2000

Unused ranges:

         From           To      Size
         ----           --      ----
   0x800'0000   0x801'ffff  0x2'0000
   0x802'f5c1   0x80f'ffff  0xd'0a3f
  0x2000'71cc  0x2000'71cf       0x4
  0x2000'91d0  0x2001'bfff  0x1'2e30
  0x2001'c000  0x2001'ffff    0x4000


*******************************************************************************
*** INIT TABLE
***

          Address      Size
          -------      ----
Zero (__iar_zero_init3)
    1 destination range, total size 0x6f2d:
          0x2000'029c  0x6f2d

Copy/packbits (__iar_packbits_init3)
    1 source range, total size 0x1d7 (70% of destination):
           0x802'f3ea   0x1d7
    1 destination range, total size 0x29c:
          0x2000'0000   0x29c



*******************************************************************************
*** MODULE SUMMARY
***

    Module                    ro code  ro data  rw data
    ------                    -------  -------  -------
command line/config:
    ---------------------------------------------------
    Total:

C:\Users\LIANMENG\Desktop\AX9-PROJECT-IAR-PID-0.002\AX9_V1.00\source\application\USER\Debug\Obj\APP: [1]
    app.o                         272       36    1'264
    app_adjvol.o                4'064      552    4'288
    app_com.o                     244       16    1'216
    app_comdebug.o                244       20    1'216
    app_fan.o                     108       16    1'216
    app_led.o                     184       16    1'216
    app_pwrmanager.o              104       20    1'216
    app_sysonoff.o              1'136       16    3'767
    app_temperature.o             112       24    1'216
    app_timer.o                    16
    app_usb.o                     152       16    1'280
    ---------------------------------------------------
    Total:                      6'636      732   17'895

C:\Users\LIANMENG\Desktop\AX9-PROJECT-IAR-PID-0.002\AX9_V1.00\source\application\USER\Debug\Obj\BSP: [2]
    adc.o                       1'836               640
    board.o                       720
    dac.o                          48
    dma.o                         184
    gpio.o                      1'784
    nvic.o                        162
    spi.o                         268
    systick.o                     268                 4
    timer.o                       192
    usart.o                       416       23      232
    ---------------------------------------------------
    Total:                      5'878       23      876

C:\Users\LIANMENG\Desktop\AX9-PROJECT-IAR-PID-0.002\AX9_V1.00\source\application\USER\Debug\Obj\CMSIS: [3]
    startup_stm32f40_41xxx.o      712
    system_stm32f4xx.o            324
    ---------------------------------------------------
    Total:                      1'036

C:\Users\LIANMENG\Desktop\AX9-PROJECT-IAR-PID-0.002\AX9_V1.00\source\application\USER\Debug\Obj\DEVICE: [4]
    adjustvoltage.o               740
    bat1.o                        960
    bat2.o                      1'028
    command_process.o           6'084       68      296
    ds2431.o                      826                 3
    emc2305.o                   1'782      120        2
    power.o                     2'188      296        4
    system.o                    1'180      112      167
    tlv5626cd.o                   336
    ---------------------------------------------------
    Total:                     15'124      596      472

C:\Users\LIANMENG\Desktop\AX9-PROJECT-IAR-PID-0.002\AX9_V1.00\source\application\USER\Debug\Obj\FWLIB: [5]
    misc.o                        184
    stm32f4xx_adc.o               456
    stm32f4xx_dac.o               204
    stm32f4xx_dma.o               352
    stm32f4xx_flash.o             276
    stm32f4xx_gpio.o              286
    stm32f4xx_pwr.o                12
    stm32f4xx_rcc.o               452       11       16
    stm32f4xx_spi.o               108
    stm32f4xx_tim.o               192
    stm32f4xx_usart.o             504
    ---------------------------------------------------
    Total:                      3'026       11       16

C:\Users\LIANMENG\Desktop\AX9-PROJECT-IAR-PID-0.002\AX9_V1.00\source\application\USER\Debug\Obj\UCOSIII\uCOS-BSP: [6]
    bsp.o                          76
    ---------------------------------------------------
    Total:                         76

C:\Users\LIANMENG\Desktop\AX9-PROJECT-IAR-PID-0.002\AX9_V1.00\source\application\USER\Debug\Obj\UCOSIII\uCOS-CONFIG: [7]
    ---------------------------------------------------
    Total:

C:\Users\LIANMENG\Desktop\AX9-PROJECT-IAR-PID-0.002\AX9_V1.00\source\application\USER\Debug\Obj\UCOSIII\uCOS-CPU: [8]
    cpu_a.o                        52
    cpu_core.o                     76                20
    ---------------------------------------------------
    Total:                        128                20

C:\Users\LIANMENG\Desktop\AX9-PROJECT-IAR-PID-0.002\AX9_V1.00\source\application\USER\Debug\Obj\UCOSIII\uCOS-III\Port: [9]
    os_cpu_a.o                    148
    os_cpu_c.o                    444                 4
    ---------------------------------------------------
    Total:                        592                 4

C:\Users\LIANMENG\Desktop\AX9-PROJECT-IAR-PID-0.002\AX9_V1.00\source\application\USER\Debug\Obj\UCOSIII\uCOS-III\Source: [10]
    os_cfg_app.o                  224      135    4'992
    os_core.o                   2'936       40
    os_dbg.o                      424      347
    os_flag.o                     488
    os_int.o                    1'064       28
    os_mem.o                       28
    os_msg.o                      400
    os_mutex.o                  1'264
    os_prio.o                     148                 8
    os_q.o                        260
    os_sem.o                      208
    os_stat.o                   1'312       20
    os_task.o                   3'496        8
    os_tick.o                   1'264       20
    os_time.o                     696
    os_tmr.o                    1'008       40
    os_var.o                                      1'980
    ---------------------------------------------------
    Total:                     15'220      638    6'980

C:\Users\LIANMENG\Desktop\AX9-PROJECT-IAR-PID-0.002\AX9_V1.00\source\application\USER\Debug\Obj\UCOSIII\uCOSIII-LIB: [11]
    lib_mem.o                      88
    ---------------------------------------------------
    Total:                         88

C:\Users\LIANMENG\Desktop\AX9-PROJECT-IAR-PID-0.002\AX9_V1.00\source\application\USER\Debug\Obj\USB\USB-APP: [12]
    usb_bsp.o                     154
    usbd_cdc_vcp.o                 96       14       24
    usbd_desc.o                   318      176      336
    usbd_usr.o                     14       20       28
    ---------------------------------------------------
    Total:                        582      210      388

C:\Users\LIANMENG\Desktop\AX9-PROJECT-IAR-PID-0.002\AX9_V1.00\source\application\USER\Debug\Obj\USB\USB-DEVICE: [13]
    usbd_cdc_core.o               804       82    2'261
    usbd_core.o                   806       34       52
    usbd_ioreq.o                  204
    usbd_req.o                  1'654                13
    ---------------------------------------------------
    Total:                      3'468      116    2'326

C:\Users\LIANMENG\Desktop\AX9-PROJECT-IAR-PID-0.002\AX9_V1.00\source\application\USER\Debug\Obj\USB\USB-OTG: [14]
    usb_core.o                  2'566
    usb_dcd.o                     614
    usb_dcd_int.o               1'908
    ---------------------------------------------------
    Total:                      5'088

C:\Users\LIANMENG\Desktop\AX9-PROJECT-IAR-PID-0.002\AX9_V1.00\source\application\USER\Debug\Obj\USER: [15]
    main.o                        120       28
    stm32f4xx_it.o                152       20
    ---------------------------------------------------
    Total:                        272       48

dl7M_tlf.a: [16]
    abort.o                         6
    abs.o                           8
    exit.o                          4
    low_level_init.o                4
    printf.o                       40
    putchar.o                      12
    xfiles.o                                51      152
    xprintftiny.o                 310
    xprout.o                       22
    ---------------------------------------------------
    Total:                        406       51      152

m7M_tl.a: [17]
    DblAddSub.o                   606
    DblDiv.o                      582
    DblMul.o                      426
    DblToFlt.o                    104
    DblToS32.o                     54
    DblToU32.o                     34
    FltMul.o                      216
    FltToDbl.o                     72
    S32ToDbl.o                     34
    U32ToDbl.o                     28
    ---------------------------------------------------
    Total:                      2'156

rt7M_tl.a: [18]
    ABImemcpy.o                   166
    ABImemset.o                   102
    cexit.o                        10
    cmain.o                        30
    cstartup_M.o                   28
    data_init.o                    40
    packbits_init.o               162
    strlen.o                       54
    zero_init3.o                   56
    ---------------------------------------------------
    Total:                        648

shb_l.a: [19]
    exit.o                         20
    ---------------------------------------------------
    Total:                         20

    Linker created                          44    8'192
-------------------------------------------------------
    Grand Total:               60'444    2'469   37'321


*******************************************************************************
*** ENTRY LIST
***

Entry                       Address    Size  Type      Object
-----                       -------    ----  ----      ------
.iar.init_table$$Base    0x802'ee6c           --   Gb  - Linker created -
.iar.init_table$$Limit   0x802'ee98           --   Gb  - Linker created -
?main                    0x802'eed9          Code  Gb  cmain.o [18]
ADC_Cmd                  0x802'4747    0x1a  Code  Gb  stm32f4xx_adc.o [5]
ADC_CommonInit           0x802'4727    0x20  Code  Gb  stm32f4xx_adc.o [5]
ADC_DMACmd               0x802'4861    0x1a  Code  Gb  stm32f4xx_adc.o [5]
ADC_DMARequestAfterLastTransferCmd
                         0x802'487b    0x1a  Code  Gb  stm32f4xx_adc.o [5]
ADC_Init                 0x802'46dd    0x4a  Code  Gb  stm32f4xx_adc.o [5]
ADC_RegularChannelConfig
                         0x802'4783    0xd4  Code  Gb  stm32f4xx_adc.o [5]
ADC_SoftwareStartConv    0x802'4857     0xa  Code  Gb  stm32f4xx_adc.o [5]
ADC_TempSensorVrefintCmd
                         0x802'4761    0x22  Code  Gb  stm32f4xx_adc.o [5]
APBAHBPrescTable        0x2000'0234    0x10  Data  Lc  stm32f4xx_rcc.o [5]
APP_Rx_Buffer           0x2000'1a9c   0x800  Data  Gb  usbd_cdc_core.o [13]
APP_Rx_length           0x2000'7170     0x4  Data  Gb  usbd_cdc_core.o [13]
APP_Rx_ptr_in           0x2000'7168     0x4  Data  Gb  usbd_cdc_core.o [13]
APP_Rx_ptr_out          0x2000'716c     0x4  Data  Gb  usbd_cdc_core.o [13]
Adc1_Config              0x802'd7e1    0x2a  Code  Gb  board.o [2]
Adc1_GetMcuInternalTemperature
                         0x802'25bf    0x42  Code  Gb  adc.o [2]
Adc1_ReadConvertValue    0x802'24f9    0xc6  Code  Gb  adc.o [2]
Adc3_Config              0x802'd72d    0xb4  Code  Gb  board.o [2]
Adc3_GetAdjVoltage       0x802'20b5   0x174  Code  Gb  adc.o [2]
Adc3_GetFixVoltage       0x802'2229   0x2d0  Code  Gb  adc.o [2]
Adc3_ReadConvertValue    0x802'1fe9    0xcc  Code  Gb  adc.o [2]
Adc_1_ConValue          0x2000'6f10    0x50  Data  Gb  adc.o [2]
Adc_3_ConValue          0x2000'51d0   0x230  Data  Gb  adc.o [2]
Adc_Init                 0x802'1f5d    0x8c  Code  Gb  adc.o [2]
AdjVolTcb               0x2000'6300    0xc0  Data  Gb  app_adjvol.o [1]
AdjVol_Result_Send       0x802'27a9    0xcc  Code  Gb  app_adjvol.o [1]
Adjust_Cw_Reset          0x802'51c1     0xc  Code  Gb  adjustvoltage.o [4]
Adjust_Hv_Reset          0x802'5191    0x30  Code  Gb  adjustvoltage.o [4]
Adjust_Voltage_CW        0x802'51ed    0x3c  Code  Gb  adjustvoltage.o [4]
Adjust_Voltage_Init      0x802'51cd    0x20  Code  Gb  adjustvoltage.o [4]
Adjust_Voltage_Pcw_Ncw   0x802'5155    0x3c  Code  Gb  adjustvoltage.o [4]
Adjust_Voltage_Vnn1_Vnn2
                         0x802'50fb    0x5a  Code  Gb  adjustvoltage.o [4]
Adjust_Voltage_Vpp1      0x802'5089    0x36  Code  Gb  adjustvoltage.o [4]
Adjust_Voltage_Vpp2      0x802'50bf    0x3c  Code  Gb  adjustvoltage.o [4]
App_AdjVol_Task          0x802'2f41   0x7c4  Code  Gb  app_adjvol.o [1]
App_AdjVol_TaskCreate    0x802'370d    0x3a  Code  Gb  app_adjvol.o [1]
App_AdjVol_Task_Stk     0x2000'029c  0x1000  Data  Gb  app_adjvol.o [1]
App_ComDebug_Task        0x802'e5bd    0x98  Code  Gb  app_comdebug.o [1]
App_ComDebug_TaskCreate
                         0x802'e655    0x3a  Code  Gb  app_comdebug.o [1]
App_ComDebug_Task_Stk   0x2000'36d0   0x400  Data  Gb  app_comdebug.o [1]
App_ComEc_Task           0x802'e4c9    0x98  Code  Gb  app_com.o [1]
App_ComEc_TaskCreate     0x802'e561    0x3a  Code  Gb  app_com.o [1]
App_ComEc_Task_Stk      0x2000'32d0   0x400  Data  Gb  app_com.o [1]
App_Fan_Task             0x802'e6b1    0x20  Code  Gb  app_fan.o [1]
App_Fan_TaskCreate       0x802'e6d1    0x3a  Code  Gb  app_fan.o [1]
App_Fan_Task_Stk        0x2000'3ad0   0x400  Data  Gb  app_fan.o [1]
App_Led_Task             0x802'e379    0x60  Code  Gb  app_led.o [1]
App_Led_TaskCreate       0x802'e3d9    0x3a  Code  Gb  app_led.o [1]
App_Led_Task_Stk        0x2000'3ed0   0x400  Data  Gb  app_led.o [1]
App_PwrManager_Task      0x802'e71d    0x1e  Code  Gb  app_pwrmanager.o [1]
App_PwrManager_TaskCreate
                         0x802'e73b    0x3a  Code  Gb  app_pwrmanager.o [1]
App_PwrManager_Task_Stk
                        0x2000'42d0   0x400  Data  Gb  app_pwrmanager.o [1]
App_Start_Task           0x802'e269    0xb2  Code  Gb  app.o [1]
App_Start_Task_Create    0x802'e31b    0x3a  Code  Gb  app.o [1]
App_Start_Task_Stk      0x2000'2ed0   0x400  Data  Gb  app.o [1]
App_SysOnOff_Task        0x802'd2af    0x20  Code  Gb  app_sysonoff.o [1]
App_SysOnOff_TaskCreate
                         0x802'd2cf    0x3a  Code  Gb  app_sysonoff.o [1]
App_SysOnOff_Task_Stk   0x2000'129c   0x800  Data  Gb  app_sysonoff.o [1]
App_Temperature_Task     0x802'e785    0x24  Code  Gb  app_temperature.o [1]
App_Temperature_TaskCreate
                         0x802'e7a9    0x3a  Code  Gb  app_temperature.o [1]
App_Temperature_Task_Stk
                        0x2000'46d0   0x400  Data  Gb  app_temperature.o [1]
App_Usb_Task             0x802'e431    0x42  Code  Gb  app_usb.o [1]
App_Usb_TaskCreate       0x802'e473    0x3a  Code  Gb  app_usb.o [1]
App_Usb_Task_Stk        0x2000'4ad0   0x400  Data  Gb  app_usb.o [1]
BSP_CPU_ClkFreq          0x802'8721     0xe  Code  Gb  bsp.o [6]
Bat1_PowerRead           0x802'a74b    0x46  Code  Gb  bat1.o [4]
Bat1_TempatureRead       0x802'a791    0x6c  Code  Gb  bat1.o [4]
Bat2_PowerRead           0x802'ab49    0x46  Code  Gb  bat2.o [4]
Bat2_TempatureRead       0x802'ab8f    0x6c  Code  Gb  bat2.o [4]
Battery_Power_Read       0x802'9c63   0x7b0  Code  Gb  power.o [4]
Battery_Power_Read::bat1ChargeRecoverCnt
                        0x2000'71ac     0x2  Data  Lc  power.o [4]
Battery_Power_Read::bat2ChargeRecoverCnt
                        0x2000'71ae     0x2  Data  Lc  power.o [4]
Board_Bsp_Init           0x802'd8fd    0x44  Code  Gb  board.o [2]
BusFault_Handler         0x802'e91f     0x2  Code  Gb  stm32f4xx_it.o [15]
CPU_CntLeadZeros         0x802'8677          Code  Gb  cpu_a.o [8]
CPU_CntTrailZeros        0x802'867d          Code  Gb  cpu_a.o [8]
CPU_Init                 0x802'8fd5     0xc  Code  Gb  cpu_core.o [8]
CPU_IntDis               0x802'8659          Code  Gb  cpu_a.o [8]
CPU_IntEn                0x802'865d          Code  Gb  cpu_a.o [8]
CPU_Name                0x2000'708c    0x10  Data  Gb  cpu_core.o [8]
CPU_NameClr              0x802'8fe1    0x1a  Code  Gb  cpu_core.o [8]
CPU_NameInit             0x802'9001     0x8  Code  Lc  cpu_core.o [8]
CPU_RevBits              0x802'8687          Code  Gb  cpu_a.o [8]
CPU_SR_Restore           0x802'8669          Code  Gb  cpu_a.o [8]
CPU_SR_Save              0x802'8661          Code  Gb  cpu_a.o [8]
CPU_TS_Init              0x802'9009     0xe  Code  Lc  cpu_core.o [8]
CPU_TS_TmrFreqSet        0x802'8ffb     0x6  Code  Gb  cpu_core.o [8]
CPU_TS_TmrFreq_Hz       0x2000'70c8     0x4  Data  Gb  cpu_core.o [8]
CPU_TS_TmrInit           0x802'872f    0x2a  Code  Gb  bsp.o [6]
CPU_TS_TmrRd             0x802'8759     0x6  Code  Gb  bsp.o [6]
CPU_WaitForExcept        0x802'8673          Code  Gb  cpu_a.o [8]
CPU_WaitForInt           0x802'866f          Code  Gb  cpu_a.o [8]
CSTACK$$Base            0x2000'71d0           --   Gb  - Linker created -
CSTACK$$Limit           0x2000'91d0           --   Gb  - Linker created -
Calc_TarVol_AlowRange    0x802'2875    0xbe  Code  Gb  app_adjvol.o [1]
CheckBatteryState        0x802'9c3f    0x24  Code  Gb  power.o [4]
CmdBuff                 0x2000'70c0     0x8  Data  Gb  usbd_cdc_core.o [13]
Cmd_AdjustVoltageCw      0x802'1467     0xe  Code  Gb  command_process.o [4]
Cmd_AdjustVoltageHv      0x802'1459     0xe  Code  Gb  command_process.o [4]
Cmd_DebugMessageWwitch   0x802'14f5    0xb2  Code  Gb  command_process.o [4]
Cmd_EcInfo               0x802'04e3    0x82  Code  Gb  command_process.o [4]
Cmd_InValidData          0x802'1475    0x7a  Code  Gb  command_process.o [4]
Cmd_Process              0x802'17b9   0x16e  Code  Gb  command_process.o [4]
Cmd_ReadAdjustVoltage    0x802'1119   0x10c  Code  Gb  command_process.o [4]
Cmd_ReadCompileInfo      0x802'06f9    0xa0  Code  Gb  command_process.o [4]
Cmd_ReadFanInfo          0x802'0c89   0x106  Code  Gb  command_process.o [4]
Cmd_ReadFirmWareVersion
                         0x802'0565   0x194  Code  Gb  command_process.o [4]
Cmd_ReadHardWareVersion
                         0x802'0799    0x9a  Code  Gb  command_process.o [4]
Cmd_ReadPowerInfo        0x802'0bd1    0xb4  Code  Gb  command_process.o [4]
Cmd_ReadStaticVoltage    0x802'0f31   0x1e0  Code  Gb  command_process.o [4]
Cmd_ReadTempeatureInfo   0x802'0d8f    0xde  Code  Gb  command_process.o [4]
Cmd_Restart              0x802'09ed    0x7c  Code  Gb  command_process.o [4]
Cmd_SleepEn              0x802'08f1    0x80  Code  Gb  command_process.o [4]
Cmd_Upgrade              0x802'0a75   0x15c  Code  Gb  command_process.o [4]
Cmd_Vpp1Vnn1DisableRes   0x802'12b5    0x8c  Code  Gb  command_process.o [4]
Cmd_Vpp1Vnn1EnableRes    0x802'1225    0x8c  Code  Gb  command_process.o [4]
Cmd_Vpp2Vnn2DisableRes   0x802'13cd    0x8c  Code  Gb  command_process.o [4]
Cmd_Vpp2Vnn2EnableRes    0x802'1341    0x8c  Code  Gb  command_process.o [4]
Cmd_WeakUp               0x802'0971    0x7c  Code  Gb  command_process.o [4]
Cmd_WriteHardWareVersion
                         0x802'0833    0xbe  Code  Gb  command_process.o [4]
Cmd_WriteTempeatureInfo
                         0x802'0e7d    0xa2  Code  Gb  command_process.o [4]
ComDebugTaskTcb         0x2000'6480    0xc0  Data  Gb  app_comdebug.o [1]
ComEcTaskTcb            0x2000'63c0    0xc0  Data  Gb  app_com.o [1]
Com_IRQHandler_CallBack
                         0x802'd9f3    0xac  Code  Gb  usart.o [2]
CommuComRX              0x2000'0280     0x8  Data  Gb  usart.o [2]
CommuComTX              0x2000'0288     0x8  Data  Gb  usart.o [2]
DAC_Cmd                  0x802'52ab    0x2c  Code  Gb  stm32f4xx_dac.o [5]
DAC_Init                 0x802'527d    0x2e  Code  Gb  stm32f4xx_dac.o [5]
DAC_SetChannel1Data      0x802'5307    0x1c  Code  Gb  stm32f4xx_dac.o [5]
DAC_SetChannel2Data      0x802'5323    0x1c  Code  Gb  stm32f4xx_dac.o [5]
DAC_SoftwareTriggerCmd   0x802'52d7    0x30  Code  Gb  stm32f4xx_dac.o [5]
DCD_EP_Close             0x802'ca49    0x46  Code  Gb  usb_dcd.o [14]
DCD_EP_ClrStall          0x802'cb5d    0x46  Code  Gb  usb_dcd.o [14]
DCD_EP_Open              0x802'c9e9    0x60  Code  Gb  usb_dcd.o [14]
DCD_EP_PrepareRx         0x802'ca8f    0x48  Code  Gb  usb_dcd.o [14]
DCD_EP_SetAddress        0x802'cba3    0x12  Code  Gb  usb_dcd.o [14]
DCD_EP_Stall             0x802'cb17    0x46  Code  Gb  usb_dcd.o [14]
DCD_EP_Tx                0x802'cad7    0x40  Code  Gb  usb_dcd.o [14]
DCD_HandleEnumDone_ISR   0x802'b263   0x100  Code  Lc  usb_dcd_int.o [14]
DCD_HandleInEP_ISR       0x802'ae9f    0xe0  Code  Lc  usb_dcd_int.o [14]
DCD_HandleOutEP_ISR      0x802'af7f    0xcc  Code  Lc  usb_dcd_int.o [14]
DCD_HandleResume_ISR     0x802'add5    0x4a  Code  Lc  usb_dcd_int.o [14]
DCD_HandleRxStatusQueueLevel_ISR
                         0x802'b069    0xa2  Code  Lc  usb_dcd_int.o [14]
DCD_HandleSof_ISR        0x802'b04b    0x1e  Code  Lc  usb_dcd_int.o [14]
DCD_HandleUSBSuspend_ISR
                         0x802'ae1f    0x80  Code  Lc  usb_dcd_int.o [14]
DCD_HandleUsbReset_ISR   0x802'b1b9    0xaa  Code  Lc  usb_dcd_int.o [14]
DCD_Init                 0x802'c94f    0x9a  Code  Gb  usb_dcd.o [14]
DCD_IsoINIncomplete_ISR
                         0x802'b363    0x1c  Code  Lc  usb_dcd_int.o [14]
DCD_IsoOUTIncomplete_ISR
                         0x802'b37f    0x1c  Code  Lc  usb_dcd_int.o [14]
DCD_OTG_ISR              0x802'adb1    0x24  Code  Lc  usb_dcd_int.o [14]
DCD_ReadDevInEP          0x802'b3f1    0x20  Code  Lc  usb_dcd_int.o [14]
DCD_SessionRequest_ISR   0x802'ad93    0x1e  Code  Lc  usb_dcd_int.o [14]
DCD_WriteEmptyTxFifo     0x802'b10b    0xae  Code  Lc  usb_dcd_int.o [14]
DMA1_Stream4_IRQHandler
                         0x802'e979    0x10  Code  Gb  stm32f4xx_it.o [15]
DMA1_Stream6_IRQHandler
                         0x802'e989    0x10  Code  Gb  stm32f4xx_it.o [15]
DMA_ClearFlag            0x802'37ff    0x20  Code  Gb  stm32f4xx_dma.o [5]
DMA_ClearITPendingBit    0x802'38ad    0x20  Code  Gb  stm32f4xx_dma.o [5]
DMA_Cmd                  0x802'37d9    0x1a  Code  Gb  stm32f4xx_dma.o [5]
DMA_GetCurrDataCounter   0x802'37f9     0x6  Code  Gb  stm32f4xx_dma.o [5]
DMA_GetITStatus          0x802'3861    0x4c  Code  Gb  stm32f4xx_dma.o [5]
DMA_ITConfig             0x802'381f    0x42  Code  Gb  stm32f4xx_dma.o [5]
DMA_Init                 0x802'3789    0x50  Code  Gb  stm32f4xx_dma.o [5]
DMA_SetCurrDataCounter   0x802'37f3     0x6  Code  Gb  stm32f4xx_dma.o [5]
DS2431_ReadByte          0x802'1b13    0x60  Code  Gb  ds2431.o [4]
DS2431_ReadData          0x802'1cc9    0x5a  Code  Gb  ds2431.o [4]
DS2431_Reset             0x802'1a6f    0x4c  Code  Gb  ds2431.o [4]
DS2431_WirteData         0x802'1b73   0x144  Code  Gb  ds2431.o [4]
DS2431_WriteByte         0x802'1abb    0x58  Code  Gb  ds2431.o [4]
DacCw_Tlv5626cd_ValueSet
                         0x802'53f5    0x9a  Code  Gb  tlv5626cd.o [4]
DacHv_Tlv5626cd_ValueSet
                         0x802'535b    0x9a  Code  Gb  tlv5626cd.o [4]
Dac_config               0x802'de33    0x30  Code  Gb  dac.o [2]
DateStr                 0x2000'0244     0xc  Data  Gb  command_process.o [4]
DebugComRX              0x2000'0270     0x8  Data  Gb  usart.o [2]
DebugComTX              0x2000'0278     0x8  Data  Gb  usart.o [2]
DebugMon_Handler         0x802'e925     0x2  Code  Gb  stm32f4xx_it.o [15]
Debug_Com_Config         0x802'd671    0xbc  Code  Gb  board.o [2]
Delay_Nop                0x802'8e89     0xc  Code  Gb  system.o [4]
Delay_ms                 0x802'1eb7    0x12  Code  Gb  systick.o [2]
Dma_Config               0x802'dcd9    0x82  Code  Gb  dma.o [2]
Dmay_Streamx_IRQHandler_CallBack
                         0x802'dd5b    0x28  Code  Gb  dma.o [2]
Ec_Info                 0x2000'012c    0x34  Data  Gb  command_process.o [4]
Emc2305_ReadByte         0x802'bddd    0x6a  Code  Gb  emc2305.o [4]
Emc2305_ReadData         0x802'be47    0x94  Code  Gb  emc2305.o [4]
Emc2305_WriteByte        0x802'bd8b    0x52  Code  Gb  emc2305.o [4]
FLASH_GetStatus          0x802'1dcd    0x46  Code  Gb  stm32f4xx_flash.o [5]
FLASH_Lock               0x802'1d5d    0x12  Code  Gb  stm32f4xx_flash.o [5]
FLASH_ProgramWord        0x802'1d6f    0x5e  Code  Gb  stm32f4xx_flash.o [5]
FLASH_Unlock             0x802'1d3d    0x20  Code  Gb  stm32f4xx_flash.o [5]
FLASH_WaitForLastOperation
                         0x802'1e29    0x28  Code  Gb  stm32f4xx_flash.o [5]
FanTaskTcb              0x2000'6540    0xc0  Data  Gb  app_fan.o [1]
Fan_Config               0x802'd8f5     0x8  Code  Gb  board.o [2]
Fan_Emc2305_Control      0x802'bedb    0xb6  Code  Gb  emc2305.o [4]
Fan_Emc2305_Control::TempNow
                        0x2000'71b6     0x1  Data  Lc  emc2305.o [4]
Fan_Emc2305_Control::TempOld
                        0x2000'71b7     0x1  Data  Lc  emc2305.o [4]
Fan_Emc2305_Init         0x802'c199    0x72  Code  Gb  emc2305.o [4]
Fan_Speed_Read           0x802'bf91   0x1e2  Code  Gb  emc2305.o [4]
FrameCmdPackage          0x802'15ad    0xb0  Code  Gb  command_process.o [4]
GPIO_Init                0x802'2689    0xa4  Code  Gb  stm32f4xx_gpio.o [5]
GPIO_PinAFConfig         0x802'2753    0x54  Code  Gb  stm32f4xx_gpio.o [5]
GPIO_ReadInputDataBit    0x802'272d    0x14  Code  Gb  stm32f4xx_gpio.o [5]
GPIO_ResetBits           0x802'2745     0x4  Code  Gb  stm32f4xx_gpio.o [5]
GPIO_SetBits             0x802'2741     0x4  Code  Gb  stm32f4xx_gpio.o [5]
GPIO_ToggleBits          0x802'2749     0xa  Code  Gb  stm32f4xx_gpio.o [5]
Get_AdjCwMsg             0x802'2c81   0x2ae  Code  Gb  app_adjvol.o [1]
Get_AdjHvMsg             0x802'299d   0x2e4  Code  Gb  app_adjvol.o [1]
Get_DelayMs              0x802'1ee9     0x6  Code  Gb  systick.o [2]
Get_SerialNum            0x802'e1b7    0x28  Code  Lc  usbd_desc.o [12]
Gpio_Config              0x802'b433   0x6b8  Code  Gb  gpio.o [2]
Gpio_Init                0x802'b411    0x22  Code  Lc  gpio.o [2]
Handle_USBAsynchXfer     0x802'd56f    0xc2  Code  Lc  usbd_cdc_core.o [13]
HardFault_Handler        0x802'e913     0xa  Code  Gb  stm32f4xx_it.o [15]
I2c_Bat1_ReadByte        0x802'a65d    0x56  Code  Gb  bat1.o [4]
[...]
SPI_Cmd                  0x802'9093    0x1c  Code  Gb  stm32f4xx_spi.o [5]
SPI_I2S_GetFlagStatus    0x802'90b3    0x12  Code  Gb  stm32f4xx_spi.o [5]
SPI_I2S_SendData         0x802'90af     0x4  Code  Gb  stm32f4xx_spi.o [5]
SPI_Init                 0x802'9059    0x3a  Code  Gb  stm32f4xx_spi.o [5]
SPI_WriteHalfWord        0x802'8b05    0x34  Code  Gb  spi.o [2]
SVC_Handler              0x802'e923     0x2  Code  Gb  stm32f4xx_it.o [15]
SenData                 0x2000'6eac    0x64  Data  Gb  usart.o [2]
SenDataCmd              0x2000'6de4    0x64  Data  Gb  command_process.o [4]
SenFrameCmd             0x2000'025c     0xc  Data  Gb  command_process.o [4]
Send_CmdPackage          0x802'1661    0x1e  Code  Gb  command_process.o [4]
SetSysClock              0x802'e02b    0xce  Code  Lc  system_stm32f4xx.o [3]
Set_DelayMs              0x802'1edd     0xc  Code  Gb  systick.o [2]
Spi_Dac_Config           0x802'5349    0x12  Code  Gb  tlv5626cd.o [4]
Spi_config               0x802'8a2d    0xc0  Code  Gb  spi.o [2]
StartTaskTcb            0x2000'6240    0xc0  Data  Gb  app.o [1]
Step_HvAdjVol_Calcuation
                         0x802'2933    0x6a  Code  Gb  app_adjvol.o [1]
SysMsg                  0x2000'0000    0xa0  Data  Gb  system.o [4]
SysOnOffTaskTcb         0x2000'6780    0xc0  Data  Gb  app_sysonoff.o [1]
SysTick_CLKSourceConfig
                         0x802'3b25    0x20  Code  Gb  misc.o [5]
SysTick_Config           0x802'1e75    0x2e  Code  Lc  systick.o [2]
SysTick_Handler          0x802'e927    0x1c  Code  Gb  stm32f4xx_it.o [15]
SysTick_Iint             0x802'1ea3    0x14  Code  Gb  systick.o [2]
Sys_StateChk_Tmr        0x2000'7030    0x30  Data  Gb  app.o [1]
SystemInit               0x802'dfe5    0x46  Code  Gb  system_stm32f4xx.o [3]
SystemStateInit          0x802'8b39   0x350  Code  Gb  system.o [4]
System_OffCtrl           0x802'd225    0x8a  Code  Gb  app_sysonoff.o [1]
System_OnCtrl            0x802'd0fd   0x128  Code  Gb  app_sysonoff.o [1]
System_OnCtrl::Pwr_OnSequence
                        0x2000'71b2     0x1  Data  Lc  app_sysonoff.o [1]
System_OnCtrl::cnt      0x2000'7190     0x2  Data  Lc  app_sysonoff.o [1]
System_PwrKey_Minitor    0x802'8e95    0xb4  Code  Gb  system.o [4]
System_PwrKey_Minitor::startCnt
                        0x2000'71b0     0x2  Data  Lc  system.o [4]
System_PwrKey_Minitor::stateNow
                        0x2000'71c2     0x1  Data  Lc  system.o [4]
System_PwrKey_Minitor::stateOld
                        0x2000'71c3     0x1  Data  Lc  system.o [4]
System_S3_State_Minitor
                         0x802'8f49    0x6a  Code  Gb  system.o [4]
System_S3_State_Minitor::startCnt
                        0x2000'71c4     0x1  Data  Lc  system.o [4]
System_S3_State_Minitor::stateNow
                        0x2000'71c5     0x1  Data  Lc  system.o [4]
System_S3_State_Minitor::stateOld
                        0x2000'71c6     0x1  Data  Lc  system.o [4]
TIM2_IRQHandler          0x802'e999    0x10  Code  Gb  stm32f4xx_it.o [15]
TIM2_IRQHandler_CallBack
                         0x802'deeb    0x28  Code  Gb  timer.o [2]
TIM_ClearITPendingBit    0x802'dfdd     0x8  Code  Gb  stm32f4xx_tim.o [5]
TIM_Cmd                  0x802'df8d    0x1c  Code  Gb  stm32f4xx_tim.o [5]
TIM_ITConfig             0x802'dfc5    0x18  Code  Gb  stm32f4xx_tim.o [5]
TIM_TimeBaseInit         0x802'df25    0x68  Code  Gb  stm32f4xx_tim.o [5]
TemperatureTaskTcb      0x2000'6840    0xc0  Data  Gb  app_temperature.o [1]
TimeStr                 0x2000'0268     0x8  Data  Gb  command_process.o [4]
TimerBase2_5_Config      0x802'de65    0x5e  Code  Gb  timer.o [2]
TimerConfig              0x802'dec3    0x28  Code  Gb  timer.o [2]
TimingDelay             0x2000'7160     0x4  Data  Gb  systick.o [2]
TimingDelay_Decrement    0x802'1ec9    0x14  Code  Gb  systick.o [2]
UART4_IRQHandler         0x802'e959    0x10  Code  Gb  stm32f4xx_it.o [15]
USART2_IRQHandler        0x802'e969    0x10  Code  Gb  stm32f4xx_it.o [15]
USART_ClearITPendingBit
                         0x802'dcb9    0x20  Code  Gb  stm32f4xx_usart.o [5]
USART_Cmd                0x802'dba9    0x1c  Code  Gb  stm32f4xx_usart.o [5]
USART_DMACmd             0x802'dbcd    0x18  Code  Gb  stm32f4xx_usart.o [5]
USART_GetFlagStatus      0x802'dc39    0x1a  Code  Gb  stm32f4xx_usart.o [5]
USART_GetITStatus        0x802'dc53    0x66  Code  Gb  stm32f4xx_usart.o [5]
USART_ITConfig           0x802'dbe5    0x54  Code  Gb  stm32f4xx_usart.o [5]
USART_Init               0x802'dae1    0xba  Code  Gb  stm32f4xx_usart.o [5]
USART_SendData           0x802'dbc5     0x8  Code  Gb  stm32f4xx_usart.o [5]
USBD_CDC_cb             0x2000'0160    0x2c  Data  Gb  usbd_cdc_core.o [13]
USBD_ClrCfg              0x802'ce77    0x10  Code  Gb  usbd_core.o [13]
USBD_ClrFeature          0x802'c78d    0x34  Code  Lc  usbd_req.o [13]
USBD_CtlContinueRx       0x802'c8f1    0x16  Code  Gb  usbd_ioreq.o [13]
USBD_CtlContinueSendData
                         0x802'c8af    0x16  Code  Gb  usbd_ioreq.o [13]
USBD_CtlError            0x802'c805    0x1c  Code  Gb  usbd_req.o [13]
USBD_CtlPrepareRx        0x802'c8c5    0x2c  Code  Gb  usbd_ioreq.o [13]
USBD_CtlReceiveStatus    0x802'c92b    0x24  Code  Gb  usbd_ioreq.o [13]
USBD_CtlSendData         0x802'c883    0x2c  Code  Gb  usbd_ioreq.o [13]
USBD_CtlSendStatus       0x802'c907    0x24  Code  Gb  usbd_ioreq.o [13]
USBD_DCD_INT_cb         0x2000'018c    0x2c  Data  Gb  usbd_core.o [13]
USBD_DCD_INT_fops       0x2000'0294     0x4  Data  Gb  usbd_core.o [13]
USBD_DataInStage         0x802'cce3    0xe6  Code  Lc  usbd_core.o [13]
USBD_DataOutStage        0x802'cc4d    0x96  Code  Lc  usbd_core.o [13]
USBD_DeInit              0x802'cbf9     0x4  Code  Gb  usbd_core.o [13]
USBD_DevConnected        0x802'cea3    0x16  Code  Lc  usbd_core.o [13]
USBD_DevDisconnected     0x802'ceb9    0x22  Code  Lc  usbd_core.o [13]
USBD_DeviceDesc         0x2000'0220    0x14  Data  Gb  usbd_desc.o [12]
USBD_GetConfig           0x802'c679    0x38  Code  Lc  usbd_req.o [13]
USBD_GetDescriptor       0x802'c453   0x10e  Code  Lc  usbd_req.o [13]
USBD_GetLen              0x802'c86f    0x14  Code  Lc  usbd_req.o [13]
USBD_GetStatus           0x802'c6b1    0x36  Code  Lc  usbd_req.o [13]
USBD_GetString           0x802'c821    0x4e  Code  Gb  usbd_req.o [13]
USBD_Init                0x802'cbb5    0x44  Code  Gb  usbd_core.o [13]
USBD_IsoINIncomplete     0x802'ce87     0xe  Code  Lc  usbd_core.o [13]
USBD_IsoOUTIncomplete    0x802'ce95     0xe  Code  Lc  usbd_core.o [13]
USBD_LangIDDesc         0x2000'0298     0x4  Data  Gb  usbd_desc.o [12]
USBD_OTG_ISR_Handler     0x802'ac9d    0xf6  Code  Gb  usb_dcd_int.o [14]
USBD_ParseSetupRequest   0x802'c7c1    0x44  Code  Gb  usbd_req.o [13]
USBD_Reset               0x802'cdd9    0x30  Code  Lc  usbd_core.o [13]
USBD_Resume              0x802'ce09    0x1e  Code  Lc  usbd_core.o [13]
USBD_RunTestMode         0x802'cdc9     0xc  Code  Lc  usbd_core.o [13]
USBD_SOF                 0x802'ce43    0x18  Code  Lc  usbd_core.o [13]
USBD_SetAddress          0x802'c561    0x58  Code  Lc  usbd_req.o [13]
USBD_SetCfg              0x802'ce5b    0x1c  Code  Gb  usbd_core.o [13]
USBD_SetConfig           0x802'c5b9    0xc0  Code  Lc  usbd_req.o [13]
USBD_SetConfig::cfgidx  0x2000'71c8     0x1  Data  Lc  usbd_req.o [13]
USBD_SetFeature          0x802'c6e7    0x92  Code  Lc  usbd_req.o [13]
USBD_SetupStage          0x802'cbfd    0x50  Code  Lc  usbd_core.o [13]
USBD_StdDevReq           0x802'c20d    0x58  Code  Gb  usbd_req.o [13]
USBD_StdEPReq            0x802'c2b5   0x19e  Code  Gb  usbd_req.o [13]
USBD_StdItfReq           0x802'c265    0x50  Code  Gb  usbd_req.o [13]
USBD_StrDesc            0x2000'6140   0x100  Data  Gb  usbd_desc.o [12]
USBD_StringSerial       0x2000'01d4    0x1c  Data  Gb  usbd_desc.o [12]
USBD_Suspend             0x802'ce27    0x1c  Code  Lc  usbd_core.o [13]
USBD_USR_ConfigStrDescriptor
                         0x802'e177    0x20  Code  Gb  usbd_desc.o [12]
USBD_USR_DeviceConfigured
                         0x802'19f7     0x2  Code  Gb  usbd_usr.o [12]
USBD_USR_DeviceConnected
                         0x802'19fd     0x2  Code  Gb  usbd_usr.o [12]
USBD_USR_DeviceDescriptor
                         0x802'e129     0x8  Code  Gb  usbd_desc.o [12]
USBD_USR_DeviceDisconnected
                         0x802'19ff     0x2  Code  Gb  usbd_usr.o [12]
USBD_USR_DeviceReset     0x802'19f5     0x2  Code  Gb  usbd_usr.o [12]
USBD_USR_DeviceResumed   0x802'19fb     0x2  Code  Gb  usbd_usr.o [12]
USBD_USR_DeviceSuspended
                         0x802'19f9     0x2  Code  Gb  usbd_usr.o [12]
USBD_USR_Init            0x802'19f3     0x2  Code  Gb  usbd_usr.o [12]
USBD_USR_InterfaceStrDescriptor
                         0x802'e197    0x20  Code  Gb  usbd_desc.o [12]
USBD_USR_LangIDStrDescriptor
                         0x802'e131     0x8  Code  Gb  usbd_desc.o [12]
USBD_USR_ManufacturerStrDescriptor
                         0x802'e159    0x10  Code  Gb  usbd_desc.o [12]
USBD_USR_ProductStrDescriptor
                         0x802'e139    0x20  Code  Gb  usbd_desc.o [12]
USBD_USR_SerialStrDescriptor
                         0x802'e169     0xe  Code  Gb  usbd_desc.o [12]
USBD_cdc_GetCfgDesc      0x802'd631     0x8  Code  Lc  usbd_cdc_core.o [13]
USBD_cfg_status         0x2000'718c     0x4  Data  Gb  usbd_req.o [13]
USBD_default_cfg        0x2000'7188     0x4  Data  Gb  usbd_req.o [13]
USBD_ep_status          0x2000'7184     0x4  Data  Gb  usbd_req.o [13]
USB_OTG_BSP_EnableInterrupt
                         0x802'9b79    0x2a  Code  Gb  usb_bsp.o [12]
USB_OTG_BSP_Init         0x802'9b25    0x4e  Code  Gb  usb_bsp.o [12]
USB_OTG_BSP_mDelay       0x802'9bb1     0xe  Code  Gb  usb_bsp.o [12]
USB_OTG_BSP_uDelay       0x802'9ba3     0xe  Code  Gb  usb_bsp.o [12]
USB_OTG_CoreInit         0x802'92d9    0xb0  Code  Gb  usb_core.o [14]
USB_OTG_CoreInitDev      0x802'94c1   0x172  Code  Gb  usb_core.o [14]
USB_OTG_CoreReset        0x802'913d    0x60  Code  Lc  usb_core.o [14]
USB_OTG_DisableGlobalInt
                         0x802'93a1    0x1a  Code  Gb  usb_core.o [14]
USB_OTG_EP0Activate      0x802'96c1    0x50  Code  Gb  usb_core.o [14]
USB_OTG_EP0StartXfer     0x802'994d    0xf0  Code  Gb  usb_core.o [14]
USB_OTG_EP0_OutStart     0x802'9aed    0x36  Code  Gb  usb_core.o [14]
USB_OTG_EPActivate       0x802'9711    0x70  Code  Gb  usb_core.o [14]
USB_OTG_EPClearStall     0x802'9a7b    0x3e  Code  Gb  usb_core.o [14]
USB_OTG_EPDeactivate     0x802'9781    0x60  Code  Gb  usb_core.o [14]
USB_OTG_EPSetStall       0x802'9a3d    0x3e  Code  Gb  usb_core.o [14]
USB_OTG_EPStartXfer      0x802'97e1   0x16c  Code  Gb  usb_core.o [14]
USB_OTG_EnableCommonInt
                         0x802'911d    0x20  Code  Lc  usb_core.o [14]
USB_OTG_EnableDevInt     0x802'9633    0x60  Code  Gb  usb_core.o [14]
USB_OTG_EnableGlobalInt
                         0x802'9389    0x18  Code  Gb  usb_core.o [14]
USB_OTG_FlushRxFifo      0x802'9403    0x40  Code  Gb  usb_core.o [14]
USB_OTG_FlushTxFifo      0x802'93bb    0x48  Code  Gb  usb_core.o [14]
USB_OTG_GetDeviceSpeed   0x802'9693    0x2e  Code  Gb  usb_core.o [14]
USB_OTG_GetMode          0x802'9485     0xa  Code  Gb  usb_core.o [14]
USB_OTG_InitDevSpeed     0x802'94b3     0xe  Code  Gb  usb_core.o [14]
USB_OTG_IsDeviceMode     0x802'948f    0x14  Code  Gb  usb_core.o [14]
USB_OTG_ReadCoreItr      0x802'94a3    0x10  Code  Gb  usb_core.o [14]
USB_OTG_ReadDevAllInEPItr
                         0x802'9add    0x10  Code  Gb  usb_core.o [14]
USB_OTG_ReadDevAllOutEp_itr
                         0x802'9ab9    0x10  Code  Gb  usb_core.o [14]
USB_OTG_ReadDevOutEP_itr
                         0x802'9ac9    0x14  Code  Gb  usb_core.o [14]
USB_OTG_ReadPacket       0x802'91d7    0x28  Code  Gb  usb_core.o [14]
USB_OTG_SelectCore       0x802'91ff    0xda  Code  Gb  usb_core.o [14]
USB_OTG_SetCurrentMode   0x802'944d    0x38  Code  Gb  usb_core.o [14]
USB_OTG_WritePacket      0x802'919d    0x3a  Code  Gb  usb_core.o [14]
USB_OTG_dev             0x2000'28dc   0x5f4  Data  Gb  app_sysonoff.o [1]
USB_Rx_Buffer           0x2000'6ff0    0x40  Data  Gb  usbd_cdc_core.o [13]
USB_Tx_Buffer           0x2000'6fb0    0x40  Data  Gb  app_usb.o [1]
USB_Tx_State            0x2000'71c7     0x1  Data  Gb  usbd_cdc_core.o [13]
USR_cb                  0x2000'01f0    0x1c  Data  Gb  usbd_usr.o [12]
USR_desc                0x2000'01b8    0x1c  Data  Gb  usbd_desc.o [12]
US_PWR_ID_IN             0x802'1a33    0x3c  Code  Gb  ds2431.o [4]
US_PWR_ID_OUT            0x802'1a01    0x32  Code  Gb  ds2431.o [4]
Update_EcInfo            0x802'0189   0x35a  Code  Gb  command_process.o [4]
UsageFault_Handler       0x802'e921     0x2  Code  Gb  stm32f4xx_it.o [15]
Usart_Init               0x802'd941    0x92  Code  Gb  usart.o [2]
UsbTaskTcb              0x2000'6900    0xc0  Data  Gb  app_usb.o [1]
VCP_CheckDataReceived    0x802'e841     0x6  Code  Gb  usbd_cdc_vcp.o [12]
VCP_Ctrl                 0x802'e7fd     0x4  Code  Lc  usbd_cdc_vcp.o [12]
VCP_DataRx               0x802'e839     0x8  Code  Lc  usbd_cdc_vcp.o [12]
VCP_DataTx               0x802'e801    0x38  Code  Lc  usbd_cdc_vcp.o [12]
VCP_DeInit               0x802'e7f9     0x4  Code  Lc  usbd_cdc_vcp.o [12]
VCP_Init                 0x802'e7f5     0x4  Code  Lc  usbd_cdc_vcp.o [12]
VCP_fops                0x2000'020c    0x14  Data  Gb  usbd_cdc_vcp.o [12]
V_AdcDma_Config          0x802'd80b    0x5a  Code  Gb  board.o [2]
Vnn_Calculate_AdjVol     0x802'4fe7    0x46  Code  Gb  adjustvoltage.o [4]
Vpp_Calculate_AdjVol     0x802'4f99    0x4e  Code  Gb  adjustvoltage.o [4]
Write_UsPowerInfo        0x802'1d23     0xc  Code  Gb  ds2431.o [4]
_PrintfTiny              0x802'8785   0x11e  Code  Gb  xprintftiny.o [16]
_Prout                   0x802'f025    0x16  Code  Gb  xprout.o [16]
__aeabi_d2f              0x802'88a5          Code  Gb  DblToFlt.o [17]
__aeabi_d2iz             0x802'4f39          Code  Gb  DblToS32.o [17]
__aeabi_d2uiz            0x802'4cb5          Code  Gb  DblToU32.o [17]
__aeabi_dadd             0x802'4cd9          Code  Gb  DblAddSub.o [17]
__aeabi_ddiv             0x802'4a6d          Code  Gb  DblDiv.o [17]
__aeabi_dmul             0x802'48c1          Code  Gb  DblMul.o [17]
__aeabi_dsub             0x802'4e55          Code  Gb  DblAddSub.o [17]
__aeabi_f2d              0x802'890d          Code  Gb  FltToDbl.o [17]
__aeabi_fmul             0x802'8955          Code  Gb  FltMul.o [17]
__aeabi_i2d              0x802'ac79          Code  Gb  S32ToDbl.o [17]
__aeabi_memcpy           0x802'194d          Code  Gb  ABImemcpy.o [18]
__aeabi_memcpy4          0x802'196d          Code  Gb  ABImemcpy.o [18]
__aeabi_memcpy8          0x802'196d          Code  Gb  ABImemcpy.o [18]
__aeabi_memset           0x802'ac11          Code  Gb  ABImemset.o [18]
__aeabi_ui2d             0x802'48a5          Code  Gb  U32ToDbl.o [17]
__cmain                  0x802'eed9          Code  Gb  cmain.o [18]
__exit                   0x802'e8fd    0x14  Code  Gb  exit.o [19]
__iar_Memset             0x802'ac11          Code  Gb  ABImemset.o [18]
__iar_Memset_word        0x802'ac19          Code  Gb  ABImemset.o [18]
__iar_Stdout            0x2000'00a0    0x48  Data  Gb  xfiles.o [16]
__iar_data_init3         0x802'ed25    0x28  Code  Gb  data_init.o [18]
__iar_packbits_init3     0x802'e855    0xa2  Code  Gb  packbits_init.o [18]
__iar_program_start      0x802'ef61          Code  Gb  cstartup_M.o [18]
__iar_zero_init3         0x802'eb91    0x38  Code  Gb  zero_init3.o [18]
__low_level_init         0x802'eef7     0x4  Code  Gb  low_level_init.o [16]
__vector_table           0x802'0000          Data  Gb  startup_stm32f40_41xxx.o [3]
_call_main               0x802'eee5          Code  Gb  cmain.o [18]
_exit                    0x802'ef01          Code  Gb  cexit.o [18]
abort                    0x802'e8f7     0x6  Code  Gb  abort.o [16]
abs                      0x802'5751     0x8  Code  Gb  abs.o [16]
cb_Sys_StateChk_Tmr      0x802'f19d    0x10  Code  Gb  app_timer.o [1]
cdcCmd                  0x2000'0290     0x4  Data  Lc  usbd_cdc_core.o [13]
cdcLen                  0x2000'7174     0x4  Data  Lc  usbd_cdc_core.o [13]
crch                    0x2000'71b4     0x1  Data  Gb  ds2431.o [4]
crcl                    0x2000'71b5     0x1  Data  Gb  ds2431.o [4]
delay_os_lock            0x802'1eef     0xa  Code  Gb  systick.o [2]
delay_os_unlock          0x802'1ef9     0xa  Code  Gb  systick.o [2]
delay_us_os              0x802'1f03    0x40  Code  Gb  systick.o [2]
exit                     0x802'eefb     0x4  Code  Gb  exit.o [16]
fputc                    0x802'd9d3    0x20  Code  Gb  usart.o [2]
main                     0x802'e9a9    0x78  Code  Gb  main.o [15]
obuf                    0x2000'6f60    0x50  Data  Lc  xfiles.o [16]
out                      0x802'876d    0x18  Code  Lc  xprintftiny.o [16]
printf                   0x802'4f71    0x28  Code  Gb  printf.o [16]
putchar                  0x802'f03d     0xc  Code  Gb  putchar.o [16]
receive_count           0x2000'717c     0x4  Data  Gb  usbd_cdc_vcp.o [12]
state                   0x2000'71b3     0x1  Data  Gb  ds2431.o [4]
strlen                   0x802'9021          Code  Gb  strlen.o [18]
usbd_cdc_AltSet         0x2000'7164     0x4  Data  Lc  usbd_cdc_core.o [13]
usbd_cdc_CfgDesc        0x2000'00e8    0x44  Data  Gb  usbd_cdc_core.o [13]
usbd_cdc_DataIn          0x802'd491    0x94  Code  Gb  usbd_cdc_core.o [13]
usbd_cdc_DataOut         0x802'd525    0x2c  Code  Gb  usbd_cdc_core.o [13]
usbd_cdc_DeInit          0x802'd395    0x26  Code  Gb  usbd_cdc_core.o [13]
usbd_cdc_EP0_RxReady     0x802'd46d    0x24  Code  Gb  usbd_cdc_core.o [13]
usbd_cdc_Init            0x802'd34d    0x48  Code  Gb  usbd_cdc_core.o [13]
usbd_cdc_SOF             0x802'd551    0x1e  Code  Gb  usbd_cdc_core.o [13]
usbd_cdc_SOF::FrameCount
                        0x2000'7178     0x4  Data  Lc  usbd_cdc_core.o [13]
usbd_cdc_Setup           0x802'd3bb    0xb2  Code  Gb  usbd_cdc_core.o [13]


[1] = C:\Users\LIANMENG\Desktop\AX9-PROJECT-IAR-PID-0.002\AX9_V1.00\source\application\USER\Debug\Obj\APP
[2] = C:\Users\LIANMENG\Desktop\AX9-PROJECT-IAR-PID-0.002\AX9_V1.00\source\application\USER\Debug\Obj\BSP
[3] = C:\Users\LIANMENG\Desktop\AX9-PROJECT-IAR-PID-0.002\AX9_V1.00\source\application\USER\Debug\Obj\CMSIS
[4] = C:\Users\LIANMENG\Desktop\AX9-PROJECT-IAR-PID-0.002\AX9_V1.00\source\application\USER\Debug\Obj\DEVICE
[5] = C:\Users\LIANMENG\Desktop\AX9-PROJECT-IAR-PID-0.002\AX9_V1.00\source\application\USER\Debug\Obj\FWLIB
[6] = C:\Users\LIANMENG\Desktop\AX9-PROJECT-IAR-PID-0.002\AX9_V1.00\source\application\USER\Debug\Obj\UCOSIII\uCOS-BSP
[7] = C:\Users\LIANMENG\Desktop\AX9-PROJECT-IAR-PID-0.002\AX9_V1.00\source\application\USER\Debug\Obj\UCOSIII\uCOS-CONFIG
[8] = C:\Users\LIANMENG\Desktop\AX9-PROJECT-IAR-PID-0.002\AX9_V1.00\source\application\USER\Debug\Obj\UCOSIII\uCOS-CPU
[9] = C:\Users\LIANMENG\Desktop\AX9-PROJECT-IAR-PID-0.002\AX9_V1.00\source\application\USER\Debug\Obj\UCOSIII\uCOS-III\Port
[10] = C:\Users\LIANMENG\Desktop\AX9-PROJECT-IAR-PID-0.002\AX9_V1.00\source\application\USER\Debug\Obj\UCOSIII\uCOS-III\Source
[11] = C:\Users\LIANMENG\Desktop\AX9-PROJECT-IAR-PID-0.002\AX9_V1.00\source\application\USER\Debug\Obj\UCOSIII\uCOSIII-LIB
[12] = C:\Users\LIANMENG\Desktop\AX9-PROJECT-IAR-PID-0.002\AX9_V1.00\source\application\USER\Debug\Obj\USB\USB-APP
[13] = C:\Users\LIANMENG\Desktop\AX9-PROJECT-IAR-PID-0.002\AX9_V1.00\source\application\USER\Debug\Obj\USB\USB-DEVICE
[14] = C:\Users\LIANMENG\Desktop\AX9-PROJECT-IAR-PID-0.002\AX9_V1.00\source\application\USER\Debug\Obj\USB\USB-OTG
[15] = C:\Users\LIANMENG\Desktop\AX9-PROJECT-IAR-PID-0.002\AX9_V1.00\source\application\USER\Debug\Obj\USER
[16] = dl7M_tlf.a
[17] = m7M_tl.a
[18] = rt7M_tl.a
[19] = shb_l.a

  60'444 bytes of readonly  code memory
   2'469 bytes of readonly  data memory
  37'321 bytes of readwrite data memory

Errors: none
Warnings: none
