###############################################################################
#
# IAR ELF Linker V9.10.1.308/W64 for ARM                  28/Jul/2022  17:34:00
# Copyright 2007-2021 IAR Systems AB.
#
#    Output file  =
#        C:\Users\LIANMENG\Desktop\AX9-PROJECT-IAR-PID-0.002\AX9_V1.00\source\bootloader\USER\Debug\Exe\AX9.out
#    Map file     =
#        C:\Users\LIANMENG\Desktop\AX9-PROJECT-IAR-PID-0.002\AX9_V1.00\source\bootloader\USER\Debug\List\AX9.map
#    Command line =
#        -f
#        C:\Users\LIANMENG\Desktop\AX9-PROJECT-IAR-PID-0.002\AX9_V1.00\source\bootloader\USER\Debug\Exe\AX9.out.rsp
#        (C:\Users\LIANMENG\Desktop\AX9-PROJECT-IAR-PID-0.002\AX9_V1.00\source\bootloader\USER\Debug\Obj\BSP\board.o
#        C:\Users\LIANMENG\Desktop\AX9-PROJECT-IAR-PID-0.002\AX9_V1.00\source\bootloader\USER\Debug\Obj\BSP\emc2305.o
#        C:\Users\LIANMENG\Desktop\AX9-PROJECT-IAR-PID-0.002\AX9_V1.00\source\bootloader\USER\Debug\Obj\BSP\flash.o
#        C:\Users\LIANMENG\Desktop\AX9-PROJECT-IAR-PID-0.002\AX9_V1.00\source\bootloader\USER\Debug\Obj\BSP\gpio.o
#        C:\Users\LIANMENG\Desktop\AX9-PROJECT-IAR-PID-0.002\AX9_V1.00\source\bootloader\USER\Debug\Obj\USER\main.o
#        C:\Users\LIANMENG\Desktop\AX9-PROJECT-IAR-PID-0.002\AX9_V1.00\source\bootloader\USER\Debug\Obj\FWLIB\misc.o
#        C:\Users\LIANMENG\Desktop\AX9-PROJECT-IAR-PID-0.002\AX9_V1.00\source\bootloader\USER\Debug\Obj\CMSIS\startup_stm32f40_41xxx.o
#        C:\Users\LIANMENG\Desktop\AX9-PROJECT-IAR-PID-0.002\AX9_V1.00\source\bootloader\USER\Debug\Obj\FWLIB\stm32f4xx_adc.o
#        C:\Users\LIANMENG\Desktop\AX9-PROJECT-IAR-PID-0.002\AX9_V1.00\source\bootloader\USER\Debug\Obj\FWLIB\stm32f4xx_can.o
#        C:\Users\LIANMENG\Desktop\AX9-PROJECT-IAR-PID-0.002\AX9_V1.00\source\bootloader\USER\Debug\Obj\FWLIB\stm32f4xx_crc.o
#        C:\Users\LIANMENG\Desktop\AX9-PROJECT-IAR-PID-0.002\AX9_V1.00\source\bootloader\USER\Debug\Obj\FWLIB\stm32f4xx_cryp.o
#        C:\Users\LIANMENG\Desktop\AX9-PROJECT-IAR-PID-0.002\AX9_V1.00\source\bootloader\USER\Debug\Obj\FWLIB\stm32f4xx_cryp_aes.o
#        C:\Users\LIANMENG\Desktop\AX9-PROJECT-IAR-PID-0.002\AX9_V1.00\source\bootloader\USER\Debug\Obj\FWLIB\stm32f4xx_cryp_des.o
#        C:\Users\LIANMENG\Desktop\AX9-PROJECT-IAR-PID-0.002\AX9_V1.00\source\bootloader\USER\Debug\Obj\FWLIB\stm32f4xx_cryp_tdes.o
#        C:\Users\LIANMENG\Desktop\AX9-PROJECT-IAR-PID-0.002\AX9_V1.00\source\bootloader\USER\Debug\Obj\FWLIB\stm32f4xx_dac.o
#        C:\Users\LIANMENG\Desktop\AX9-PROJECT-IAR-PID-0.002\AX9_V1.00\source\bootloader\USER\Debug\Obj\FWLIB\stm32f4xx_dbgmcu.o
#        C:\Users\LIANMENG\Desktop\AX9-PROJECT-IAR-PID-0.002\AX9_V1.00\source\bootloader\USER\Debug\Obj\FWLIB\stm32f4xx_dcmi.o
#        C:\Users\LIANMENG\Desktop\AX9-PROJECT-IAR-PID-0.002\AX9_V1.00\source\bootloader\USER\Debug\Obj\FWLIB\stm32f4xx_dma.o
#        C:\Users\LIANMENG\Desktop\AX9-PROJECT-IAR-PID-0.002\AX9_V1.00\source\bootloader\USER\Debug\Obj\FWLIB\stm32f4xx_dma2d.o
#        C:\Users\LIANMENG\Desktop\AX9-PROJECT-IAR-PID-0.002\AX9_V1.00\source\bootloader\USER\Debug\Obj\FWLIB\stm32f4xx_exti.o
#        C:\Users\LIANMENG\Desktop\AX9-PROJECT-IAR-PID-0.002\AX9_V1.00\source\bootloader\USER\Debug\Obj\FWLIB\stm32f4xx_flash.o
#        C:\Users\LIANMENG\Desktop\AX9-PROJECT-IAR-PID-0.002\AX9_V1.00\source\bootloader\USER\Debug\Obj\FWLIB\stm32f4xx_flash_ramfunc.o
#        C:\Users\LIANMENG\Desktop\AX9-PROJECT-IAR-PID-0.002\AX9_V1.00\source\bootloader\USER\Debug\Obj\FWLIB\stm32f4xx_fsmc.o
#        C:\Users\LIANMENG\Desktop\AX9-PROJECT-IAR-PID-0.002\AX9_V1.00\source\bootloader\USER\Debug\Obj\FWLIB\stm32f4xx_gpio.o
#        C:\Users\LIANMENG\Desktop\AX9-PROJECT-IAR-PID-0.002\AX9_V1.00\source\bootloader\USER\Debug\Obj\FWLIB\stm32f4xx_hash.o
#        C:\Users\LIANMENG\Desktop\AX9-PROJECT-IAR-PID-0.002\AX9_V1.00\source\bootloader\USER\Debug\Obj\FWLIB\stm32f4xx_hash_md5.o
#        C:\Users\LIANMENG\Desktop\AX9-PROJECT-IAR-PID-0.002\AX9_V1.00\source\bootloader\USER\Debug\Obj\FWLIB\stm32f4xx_hash_sha1.o
#        C:\Users\LIANMENG\Desktop\AX9-PROJECT-IAR-PID-0.002\AX9_V1.00\source\bootloader\USER\Debug\Obj\FWLIB\stm32f4xx_i2c.o
#        C:\Users\LIANMENG\Desktop\AX9-PROJECT-IAR-PID-0.002\AX9_V1.00\source\bootloader\USER\Debug\Obj\USER\stm32f4xx_it.o
#        C:\Users\LIANMENG\Desktop\AX9-PROJECT-IAR-PID-0.002\AX9_V1.00\source\bootloader\USER\Debug\Obj\FWLIB\stm32f4xx_iwdg.o
#        C:\Users\LIANMENG\Desktop\AX9-PROJECT-IAR-PID-0.002\AX9_V1.00\source\bootloader\USER\Debug\Obj\FWLIB\stm32f4xx_ltdc.o
#        C:\Users\LIANMENG\Desktop\AX9-PROJECT-IAR-PID-0.002\AX9_V1.00\source\bootloader\USER\Debug\Obj\FWLIB\stm32f4xx_pwr.o
#        C:\Users\LIANMENG\Desktop\AX9-PROJECT-IAR-PID-0.002\AX9_V1.00\source\bootloader\USER\Debug\Obj\FWLIB\stm32f4xx_rcc.o
#        C:\Users\LIANMENG\Desktop\AX9-PROJECT-IAR-PID-0.002\AX9_V1.00\source\bootloader\USER\Debug\Obj\FWLIB\stm32f4xx_rng.o
#        C:\Users\LIANMENG\Desktop\AX9-PROJECT-IAR-PID-0.002\AX9_V1.00\source\bootloader\USER\Debug\Obj\FWLIB\stm32f4xx_rtc.o
#        C:\Users\LIANMENG\Desktop\AX9-PROJECT-IAR-PID-0.002\AX9_V1.00\source\bootloader\USER\Debug\Obj\FWLIB\stm32f4xx_sai.o
#        C:\Users\LIANMENG\Desktop\AX9-PROJECT-IAR-PID-0.002\AX9_V1.00\source\bootloader\USER\Debug\Obj\FWLIB\stm32f4xx_sdio.o
#        C:\Users\LIANMENG\Desktop\AX9-PROJECT-IAR-PID-0.002\AX9_V1.00\source\bootloader\USER\Debug\Obj\FWLIB\stm32f4xx_spi.o
#        C:\Users\LIANMENG\Desktop\AX9-PROJECT-IAR-PID-0.002\AX9_V1.00\source\bootloader\USER\Debug\Obj\FWLIB\stm32f4xx_syscfg.o
#        C:\Users\LIANMENG\Desktop\AX9-PROJECT-IAR-PID-0.002\AX9_V1.00\source\bootloader\USER\Debug\Obj\FWLIB\stm32f4xx_tim.o
#        C:\Users\LIANMENG\Desktop\AX9-PROJECT-IAR-PID-0.002\AX9_V1.00\source\bootloader\USER\Debug\Obj\FWLIB\stm32f4xx_usart.o
#        C:\Users\LIANMENG\Desktop\AX9-PROJECT-IAR-PID-0.002\AX9_V1.00\source\bootloader\USER\Debug\Obj\FWLIB\stm32f4xx_wwdg.o
#        C:\Users\LIANMENG\Desktop\AX9-PROJECT-IAR-PID-0.002\AX9_V1.00\source\bootloader\USER\Debug\Obj\CMSIS\system_stm32f4xx.o
#        C:\Users\LIANMENG\Desktop\AX9-PROJECT-IAR-PID-0.002\AX9_V1.00\source\bootloader\USER\Debug\Obj\BSP\systick.o
#        C:\Users\LIANMENG\Desktop\AX9-PROJECT-IAR-PID-0.002\AX9_V1.00\source\bootloader\USER\Debug\Obj\BSP\usart.o
#        C:\Users\LIANMENG\Desktop\AX9-PROJECT-IAR-PID-0.002\AX9_V1.00\source\bootloader\USER\Debug\Obj\USB\USB-APP\usb_bsp.o
#        C:\Users\LIANMENG\Desktop\AX9-PROJECT-IAR-PID-0.002\AX9_V1.00\source\bootloader\USER\Debug\Obj\USB\USB-OTG\usb_core.o
#        C:\Users\LIANMENG\Desktop\AX9-PROJECT-IAR-PID-0.002\AX9_V1.00\source\bootloader\USER\Debug\Obj\USB\USB-OTG\usb_dcd.o
#        C:\Users\LIANMENG\Desktop\AX9-PROJECT-IAR-PID-0.002\AX9_V1.00\source\bootloader\USER\Debug\Obj\USB\USB-OTG\usb_dcd_int.o
#        C:\Users\LIANMENG\Desktop\AX9-PROJECT-IAR-PID-0.002\AX9_V1.00\source\bootloader\USER\Debug\Obj\USB\USB-DEVICE\usbd_cdc_core.o
#        C:\Users\LIANMENG\Desktop\AX9-PROJECT-IAR-PID-0.002\AX9_V1.00\source\bootloader\USER\Debug\Obj\USB\USB-APP\usbd_cdc_vcp.o
#        C:\Users\LIANMENG\Desktop\AX9-PROJECT-IAR-PID-0.002\AX9_V1.00\source\bootloader\USER\Debug\Obj\USB\USB-DEVICE\usbd_core.o
#        C:\Users\LIANMENG\Desktop\AX9-PROJECT-IAR-PID-0.002\AX9_V1.00\source\bootloader\USER\Debug\Obj\USB\USB-APP\usbd_desc.o
#        C:\Users\LIANMENG\Desktop\AX9-PROJECT-IAR-PID-0.002\AX9_V1.00\source\bootloader\USER\Debug\Obj\USB\USB-DEVICE\usbd_ioreq.o
#        C:\Users\LIANMENG\Desktop\AX9-PROJECT-IAR-PID-0.002\AX9_V1.00\source\bootloader\USER\Debug\Obj\USB\USB-DEVICE\usbd_req.o
#        C:\Users\LIANMENG\Desktop\AX9-PROJECT-IAR-PID-0.002\AX9_V1.00\source\bootloader\USER\Debug\Obj\USB\USB-APP\usbd_usr.o
#        C:\Users\LIANMENG\Desktop\AX9-PROJECT-IAR-PID-0.002\AX9_V1.00\source\bootloader\USER\Debug\Obj\BSP\xmodem.o
#        --no_out_extension -o
#        C:\Users\LIANMENG\Desktop\AX9-PROJECT-IAR-PID-0.002\AX9_V1.00\source\bootloader\USER\Debug\Exe\AX9.out
#        --map
#        C:\Users\LIANMENG\Desktop\AX9-PROJECT-IAR-PID-0.002\AX9_V1.00\source\bootloader\USER\Debug\List\AX9.map
#        --config "D:\Program Files\IAR Systems\Embedded Workbench
#        9.0\arm\config\linker\ST\stm32f405xG.icf" --semihosting --entry
#        __iar_program_start --vfe --text_out locale)
#
###############################################################################

*******************************************************************************
*** RUNTIME MODEL ATTRIBUTES
***

CppFlavor       = *
__SystemLibrary = DLib
__dlib_version  = 6


*******************************************************************************
*** HEAP SELECTION
***

The basic heap was selected because no calls to memory allocation
functions were found in the application outside of system library
functions, and there are calls to deallocation functions in the
application.


*******************************************************************************
*** PLACEMENT SUMMARY
***

"A0":  place at address 0x800'0000 { ro section .intvec };
"P1":  place in [from 0x800'0000 to 0x80f'ffff] { ro };
define block CSTACK with size = 8K, alignment = 8 { };
define block HEAP with size = 8K, alignment = 8 { };
"P4":  place in [from 0x2000'0000 to 0x2001'bfff] |
                [from 0x2001'c000 to 0x2001'ffff] {
          rw, block CSTACK, block HEAP };
initialize by copy { rw };

No sections matched the following patterns:

  ro section application_specific_ro  in "P2"
  section .backup_sram                in "P5"
  section .ccram                      in "P3"


  Section            Kind         Address    Size  Object
  -------            ----         -------    ----  ------
"A0":                                       0x188
  .intvec            ro code   0x800'0000   0x188  startup_stm32f40_41xxx.o [2]
                             - 0x800'0188   0x188

"P1":                                      0x463c
  .text              ro code   0x800'0188   0xa06  usb_core.o [6]
  .text              ro code   0x800'0b8e    0x2a  copy_init3.o [10]
  .text              ro code   0x800'0bb8    0x9a  usb_bsp.o [4]
  .text              ro code   0x800'0c52     0xe  usbd_usr.o [4]
  .text              ro code   0x800'0c60   0x1c4  stm32f4xx_rcc.o [3]
  .text              ro code   0x800'0e24   0x114  stm32f4xx_gpio.o [3]
  .text              ro code   0x800'0f38    0xa4  misc.o [3]
  .text              ro code   0x800'0fdc   0x774  usb_dcd_int.o [6]
  .text              ro code   0x800'1750   0x676  usbd_req.o [5]
  .text              ro code   0x800'1dc6    0xcc  usbd_ioreq.o [5]
  .text              ro code   0x800'1e92   0x266  usb_dcd.o [6]
  .text              ro code   0x800'20f8   0x326  usbd_core.o [5]
  .text              ro code   0x800'2420   0x4fd  xprintfsmall_nomb.o [8]
  .text              ro code   0x800'2920    0x16  strchr.o [10]
  .text              ro code   0x800'2938    0x40  xfail_s.o [8]
  .text              ro code   0x800'2978    0x36  strlen.o [10]
  .text              ro code   0x800'29b0    0x58  memchr.o [10]
  .text              ro code   0x800'2a08     0x6  abort.o [8]
  .text              ro code   0x800'2a10    0x14  exit.o [11]
  .text              ro code   0x800'2a24   0x37c  xmodem.o [1]
  .text              ro code   0x800'2da0    0xb8  usbd_cdc_vcp.o [4]
  .text              ro code   0x800'2e58    0x28  printf.o [8]
  .text              ro code   0x800'2e80    0x8e  flash.o [1]
  .text              ro code   0x800'2f10   0x1bc  stm32f4xx_flash.o [3]
  .text              ro code   0x800'30cc   0x36c  gpio.o [1]
  .text              ro code   0x800'3438     0xc  stm32f4xx_pwr.o [3]
  .text              ro code   0x800'3444   0x32c  main.o [7]
  .text              ro code   0x800'3770    0xd4  systick.o [1]
  .text              ro code   0x800'3844   0x10c  board.o [1]
  .text              ro code   0x800'3950   0x23e  emc2305.o [1]
  .text              ro code   0x800'3b90    0xc4  usart.o [1]
  .text              ro code   0x800'3c54   0x106  stm32f4xx_usart.o [3]
  .text              ro code   0x800'3d5c   0x324  usbd_cdc_core.o [5]
  .text              ro code   0x800'4080   0x154  system_stm32f4xx.o [2]
  .text              ro code   0x800'41d4   0x13e  usbd_desc.o [4]
  .text              ro code   0x800'4312    0x38  zero_init3.o [10]
  .text              ro code   0x800'434c    0x28  data_init.o [10]
  .rodata            const     0x800'4374    0x24  usbd_desc.o [4]
  .rodata            const     0x800'4398    0x24  usbd_desc.o [4]
  .text              ro code   0x800'43bc    0x22  fpinit_M.o [9]
  .iar.init_table    const     0x800'43e0    0x24  - Linker created -
  .text              ro code   0x800'4404    0x20  stm32f4xx_it.o [7]
  .text              ro code   0x800'4424    0x1e  cmain.o [10]
  .text              ro code   0x800'4442     0x4  low_level_init.o [8]
  .text              ro code   0x800'4446     0x4  exit.o [8]
  .text              ro code   0x800'444c     0xa  cexit.o [10]
  .text              ro code   0x800'4458    0x1c  cstartup_M.o [10]
  .text              ro code   0x800'4474    0x16  xprout.o [8]
  .text              ro code   0x800'448c     0xc  putchar.o [8]
  .rodata            const     0x800'4498    0x14  usbd_desc.o [4]
  .rodata            const     0x800'44ac    0x10  main.o [7]
  .rodata            const     0x800'44bc    0x10  usbd_desc.o [4]
  .text              ro code   0x800'44cc    0x10  startup_stm32f40_41xxx.o [2]
  .rodata            const     0x800'44dc     0xc  usbd_desc.o [4]
  .rodata            const     0x800'44e8     0xc  xmodem.o [1]
  .rodata            const     0x800'44f4     0x8  xmodem.o [1]
  .text              ro code   0x800'44fc     0x4  startup_stm32f40_41xxx.o [2]
  .text              ro code   0x800'4500     0x4  startup_stm32f40_41xxx.o [2]
  .text              ro code   0x800'4504     0x4  startup_stm32f40_41xxx.o [2]
  .text              ro code   0x800'4508     0x4  startup_stm32f40_41xxx.o [2]
  .text              ro code   0x800'450c     0x4  startup_stm32f40_41xxx.o [2]
  .text              ro code   0x800'4510     0x4  startup_stm32f40_41xxx.o [2]
  .text              ro code   0x800'4514     0x4  startup_stm32f40_41xxx.o [2]
  .text              ro code   0x800'4518     0x4  startup_stm32f40_41xxx.o [2]
  .text              ro code   0x800'451c     0x4  startup_stm32f40_41xxx.o [2]
  .text              ro code   0x800'4520     0x4  startup_stm32f40_41xxx.o [2]
  .text              ro code   0x800'4524     0x4  startup_stm32f40_41xxx.o [2]
  .text              ro code   0x800'4528     0x4  startup_stm32f40_41xxx.o [2]
  .text              ro code   0x800'452c     0x4  startup_stm32f40_41xxx.o [2]
  .text              ro code   0x800'4530     0x4  startup_stm32f40_41xxx.o [2]
  .text              ro code   0x800'4534     0x4  startup_stm32f40_41xxx.o [2]
  .text              ro code   0x800'4538     0x4  startup_stm32f40_41xxx.o [2]
  .text              ro code   0x800'453c     0x4  startup_stm32f40_41xxx.o [2]
  .text              ro code   0x800'4540     0x4  startup_stm32f40_41xxx.o [2]
  .text              ro code   0x800'4544     0x4  startup_stm32f40_41xxx.o [2]
  .text              ro code   0x800'4548     0x4  startup_stm32f40_41xxx.o [2]
  .text              ro code   0x800'454c     0x4  startup_stm32f40_41xxx.o [2]
  .text              ro code   0x800'4550     0x4  startup_stm32f40_41xxx.o [2]
  .text              ro code   0x800'4554     0x4  startup_stm32f40_41xxx.o [2]
  .text              ro code   0x800'4558     0x4  startup_stm32f40_41xxx.o [2]
  .text              ro code   0x800'455c     0x4  startup_stm32f40_41xxx.o [2]
  .text              ro code   0x800'4560     0x4  startup_stm32f40_41xxx.o [2]
  .text              ro code   0x800'4564     0x4  startup_stm32f40_41xxx.o [2]
  .text              ro code   0x800'4568     0x4  startup_stm32f40_41xxx.o [2]
  .text              ro code   0x800'456c     0x4  startup_stm32f40_41xxx.o [2]
  .text              ro code   0x800'4570     0x4  startup_stm32f40_41xxx.o [2]
  .text              ro code   0x800'4574     0x4  startup_stm32f40_41xxx.o [2]
  .text              ro code   0x800'4578     0x4  startup_stm32f40_41xxx.o [2]
  .text              ro code   0x800'457c     0x4  startup_stm32f40_41xxx.o [2]
  .text              ro code   0x800'4580     0x4  startup_stm32f40_41xxx.o [2]
  .text              ro code   0x800'4584     0x4  startup_stm32f40_41xxx.o [2]
  .text              ro code   0x800'4588     0x4  startup_stm32f40_41xxx.o [2]
  .text              ro code   0x800'458c     0x4  startup_stm32f40_41xxx.o [2]
  .text              ro code   0x800'4590     0x4  startup_stm32f40_41xxx.o [2]
  .text              ro code   0x800'4594     0x4  startup_stm32f40_41xxx.o [2]
  .text              ro code   0x800'4598     0x4  startup_stm32f40_41xxx.o [2]
  .text              ro code   0x800'459c     0x4  startup_stm32f40_41xxx.o [2]
  .text              ro code   0x800'45a0     0x4  startup_stm32f40_41xxx.o [2]
  .text              ro code   0x800'45a4     0x4  startup_stm32f40_41xxx.o [2]
  .text              ro code   0x800'45a8     0x4  startup_stm32f40_41xxx.o [2]
  .text              ro code   0x800'45ac     0x4  startup_stm32f40_41xxx.o [2]
  .text              ro code   0x800'45b0     0x4  startup_stm32f40_41xxx.o [2]
  .text              ro code   0x800'45b4     0x4  startup_stm32f40_41xxx.o [2]
  .text              ro code   0x800'45b8     0x4  startup_stm32f40_41xxx.o [2]
  .text              ro code   0x800'45bc     0x4  startup_stm32f40_41xxx.o [2]
  .text              ro code   0x800'45c0     0x4  startup_stm32f40_41xxx.o [2]
  .text              ro code   0x800'45c4     0x4  startup_stm32f40_41xxx.o [2]
  .text              ro code   0x800'45c8     0x4  startup_stm32f40_41xxx.o [2]
  .text              ro code   0x800'45cc     0x4  startup_stm32f40_41xxx.o [2]
  .text              ro code   0x800'45d0     0x4  startup_stm32f40_41xxx.o [2]
  .text              ro code   0x800'45d4     0x4  startup_stm32f40_41xxx.o [2]
  .text              ro code   0x800'45d8     0x4  startup_stm32f40_41xxx.o [2]
  .text              ro code   0x800'45dc     0x4  startup_stm32f40_41xxx.o [2]
  .text              ro code   0x800'45e0     0x4  startup_stm32f40_41xxx.o [2]
  .text              ro code   0x800'45e4     0x4  startup_stm32f40_41xxx.o [2]
  .text              ro code   0x800'45e8     0x4  startup_stm32f40_41xxx.o [2]
  .text              ro code   0x800'45ec     0x4  startup_stm32f40_41xxx.o [2]
  .text              ro code   0x800'45f0     0x4  startup_stm32f40_41xxx.o [2]
  .text              ro code   0x800'45f4     0x4  startup_stm32f40_41xxx.o [2]
  .text              ro code   0x800'45f8     0x4  startup_stm32f40_41xxx.o [2]
  .text              ro code   0x800'45fc     0x4  startup_stm32f40_41xxx.o [2]
  .text              ro code   0x800'4600     0x4  startup_stm32f40_41xxx.o [2]
  .text              ro code   0x800'4604     0x4  startup_stm32f40_41xxx.o [2]
  .text              ro code   0x800'4608     0x4  startup_stm32f40_41xxx.o [2]
  .text              ro code   0x800'460c     0x4  startup_stm32f40_41xxx.o [2]
  .text              ro code   0x800'4610     0x4  startup_stm32f40_41xxx.o [2]
  .text              ro code   0x800'4614     0x4  startup_stm32f40_41xxx.o [2]
  .text              ro code   0x800'4618     0x4  startup_stm32f40_41xxx.o [2]
  .text              ro code   0x800'461c     0x4  startup_stm32f40_41xxx.o [2]
  .text              ro code   0x800'4620     0x4  startup_stm32f40_41xxx.o [2]
  .text              ro code   0x800'4624     0x4  startup_stm32f40_41xxx.o [2]
  .text              ro code   0x800'4628     0x4  startup_stm32f40_41xxx.o [2]
  .text              ro code   0x800'462c     0x4  startup_stm32f40_41xxx.o [2]
  .text              ro code   0x800'4630     0x4  startup_stm32f40_41xxx.o [2]
  .text              ro code   0x800'4634     0x4  startup_stm32f40_41xxx.o [2]
  .text              ro code   0x800'4638     0x4  startup_stm32f40_41xxx.o [2]
  .text              ro code   0x800'463c     0x4  startup_stm32f40_41xxx.o [2]
  .text              ro code   0x800'4640     0x4  startup_stm32f40_41xxx.o [2]
  .rodata            const     0x800'4644     0x0  zero_init3.o [10]
  .rodata            const     0x800'4644     0x0  copy_init3.o [10]
  Initializer bytes  const     0x800'4644   0x180  <for P4 s0>
                             - 0x800'47c4  0x463c

"P4", part 1 of 3:                          0x180
  P4 s0                       0x2000'0000   0x180  <Init block>
    .data            inited   0x2000'0000    0x48  xfiles.o [8]
    .data            inited   0x2000'0048    0x44  usbd_cdc_core.o [5]
    .data            inited   0x2000'008c    0x2c  usbd_cdc_core.o [5]
    .data            inited   0x2000'00b8    0x2c  usbd_core.o [5]
    .data            inited   0x2000'00e4    0x1c  usbd_desc.o [4]
    .data            inited   0x2000'0100    0x1c  usbd_desc.o [4]
    .data            inited   0x2000'011c    0x1c  usbd_usr.o [4]
    .data            inited   0x2000'0138    0x14  usbd_cdc_vcp.o [4]
    .data            inited   0x2000'014c    0x14  usbd_desc.o [4]
    .data            inited   0x2000'0160    0x10  stm32f4xx_rcc.o [3]
    .data            inited   0x2000'0170     0x4  usbd_cdc_core.o [5]
    .data            inited   0x2000'0174     0x4  usbd_core.o [5]
    .data            inited   0x2000'0178     0x4  usbd_desc.o [4]
    .data            inited   0x2000'017c     0x1  main.o [7]
                            - 0x2000'0180   0x180

"P4", part 2 of 3:                         0x1a00
  .bss               zero     0x2000'0180   0x800  usbd_cdc_core.o [5]
  .bss               zero     0x2000'0980   0x5f4  board.o [1]
  .bss               zero     0x2000'0f74   0x5dc  usbd_cdc_vcp.o [4]
  .bss               zero     0x2000'1550   0x408  xmodem.o [1]
  .bss               zero     0x2000'1958   0x100  usbd_desc.o [4]
  .bss               zero     0x2000'1a58    0x50  xfiles.o [8]
  .bss               zero     0x2000'1aa8    0x40  usbd_cdc_core.o [5]
  .bss               zero     0x2000'1ae8    0x40  xmodem.o [1]
  .bss               zero     0x2000'1b28     0x8  usbd_cdc_core.o [5]
  .bss               zero     0x2000'1b30     0x4  flash.o [1]
  .bss               zero     0x2000'1b34     0x4  flash.o [1]
  .bss               zero     0x2000'1b38     0x4  usbd_cdc_core.o [5]
  .bss               zero     0x2000'1b3c     0x4  usbd_cdc_core.o [5]
  .bss               zero     0x2000'1b40     0x4  usbd_cdc_core.o [5]
  .bss               zero     0x2000'1b44     0x4  usbd_cdc_core.o [5]
  .bss               zero     0x2000'1b48     0x4  usbd_cdc_core.o [5]
  .bss               zero     0x2000'1b4c     0x4  usbd_cdc_core.o [5]
  .bss               zero     0x2000'1b50     0x4  usbd_cdc_vcp.o [4]
  .bss               zero     0x2000'1b54     0x4  usbd_core.o [5]
  .bss               zero     0x2000'1b58     0x4  usbd_req.o [5]
  .bss               zero     0x2000'1b5c     0x4  usbd_req.o [5]
  .bss               zero     0x2000'1b60     0x4  usbd_req.o [5]
  .bss               zero     0x2000'1b64     0x4  xmodem.o [1]
  .bss               zero     0x2000'1b68     0x4  xmodem.o [1]
  .bss               zero     0x2000'1b6c     0x4  xmodem.o [1]
  .bss               zero     0x2000'1b70     0x4  xfail_s.o [8]
  .bss               zero     0x2000'1b74     0x2  main.o [7]
  .bss               zero     0x2000'1b76     0x2  usbd_cdc_vcp.o [4]
  .bss               zero     0x2000'1b78     0x1  main.o [7]
  .bss               zero     0x2000'1b79     0x1  usbd_cdc_core.o [5]
  .bss               zero     0x2000'1b7a     0x1  usbd_req.o [5]
  .bss               zero     0x2000'1b7b     0x1  xmodem.o [1]
  .bss               zero     0x2000'1b7c     0x1  xmodem.o [1]
  .bss               zero     0x2000'1b7d     0x1  xmodem.o [1]
                            - 0x2000'1b7e  0x19fe

"P4", part 3 of 3:                         0x2000
  CSTACK                      0x2000'1b80  0x2000  <Block>
    CSTACK           uninit   0x2000'1b80  0x2000  <Block tail>
                            - 0x2000'3b80  0x2000

Unused ranges:

         From           To      Size
         ----           --      ----
   0x800'47c4   0x80f'ffff  0xf'b83c
  0x2000'3b80  0x2001'bfff  0x1'8480
  0x2001'c000  0x2001'ffff    0x4000


*******************************************************************************
*** INIT TABLE
***

          Address      Size
          -------      ----
Zero (__iar_zero_init3)
    1 destination range, total size 0x19fe:
          0x2000'0180  0x19fe

Copy (__iar_copy_init3)
    1 source range, total size 0x180 (100% of destination):
           0x800'4644   0x180
    1 destination range, total size 0x17d:
          0x2000'0000   0x17d



*******************************************************************************
*** MODULE SUMMARY
***

    Module                    ro code  ro data  rw data
    ------                    -------  -------  -------
command line/config:
    ---------------------------------------------------
    Total:

C:\Users\LIANMENG\Desktop\AX9-PROJECT-IAR-PID-0.002\AX9_V1.00\source\bootloader\USER\Debug\Obj\BSP: [1]
    board.o                       268             1'524
    emc2305.o                     574
    flash.o                       142                 8
    gpio.o                        876
    systick.o                     212
    usart.o                       196
    xmodem.o                      892       20    1'111
    ---------------------------------------------------
    Total:                      3'160       20    2'643

C:\Users\LIANMENG\Desktop\AX9-PROJECT-IAR-PID-0.002\AX9_V1.00\source\bootloader\USER\Debug\Obj\CMSIS: [2]
    startup_stm32f40_41xxx.o      736
    system_stm32f4xx.o            340
    ---------------------------------------------------
    Total:                      1'076

C:\Users\LIANMENG\Desktop\AX9-PROJECT-IAR-PID-0.002\AX9_V1.00\source\bootloader\USER\Debug\Obj\FWLIB: [3]
    misc.o                        164
    stm32f4xx_flash.o             444
    stm32f4xx_gpio.o              276
    stm32f4xx_pwr.o                12
    stm32f4xx_rcc.o               452       16       16
    stm32f4xx_usart.o             262
    ---------------------------------------------------
    Total:                      1'610       16       16

C:\Users\LIANMENG\Desktop\AX9-PROJECT-IAR-PID-0.002\AX9_V1.00\source\bootloader\USER\Debug\Obj\USB\USB-APP: [4]
    usb_bsp.o                     154
    usbd_cdc_vcp.o                184       20    1'526
    usbd_desc.o                   318      200      336
    usbd_usr.o                     14       28       28
    ---------------------------------------------------
    Total:                        670      248    1'890

C:\Users\LIANMENG\Desktop\AX9-PROJECT-IAR-PID-0.002\AX9_V1.00\source\bootloader\USER\Debug\Obj\USB\USB-DEVICE: [5]
    usbd_cdc_core.o               804      116    2'261
    usbd_core.o                   806       48       52
    usbd_ioreq.o                  204
    usbd_req.o                  1'654                13
    ---------------------------------------------------
    Total:                      3'468      164    2'326

C:\Users\LIANMENG\Desktop\AX9-PROJECT-IAR-PID-0.002\AX9_V1.00\source\bootloader\USER\Debug\Obj\USB\USB-OTG: [6]
    usb_core.o                  2'566
    usb_dcd.o                     614
    usb_dcd_int.o               1'908
    ---------------------------------------------------
    Total:                      5'088

C:\Users\LIANMENG\Desktop\AX9-PROJECT-IAR-PID-0.002\AX9_V1.00\source\bootloader\USER\Debug\Obj\USER: [7]
    main.o                        812       17        4
    stm32f4xx_it.o                 32
    ---------------------------------------------------
    Total:                        844       17        4

dl7M_tlf.a: [8]
    abort.o                         6
    exit.o                          4
    low_level_init.o                4
    printf.o                       40
    putchar.o                      12
    xfail_s.o                      64                 4
    xfiles.o                                72      152
    xprintfsmall_nomb.o         1'277
    xprout.o                       22
    ---------------------------------------------------
    Total:                      1'429       72      156

m7M_tls.a: [9]
    fpinit_M.o                     34
    ---------------------------------------------------
    Total:                         34

rt7M_tl.a: [10]
    cexit.o                        10
    cmain.o                        30
    copy_init3.o                   42
    cstartup_M.o                   28
    data_init.o                    40
    memchr.o                       88
    strchr.o                       22
    strlen.o                       54
    zero_init3.o                   56
    ---------------------------------------------------
    Total:                        370

shb_l.a: [11]
    exit.o                         20
    ---------------------------------------------------
    Total:                         20

    Gaps                           25        2
    Linker created                          39    8'192
-------------------------------------------------------
    Grand Total:               17'794      578   15'227


*******************************************************************************
*** ENTRY LIST
***

Entry                       Address   Size  Type      Object
-----                       -------   ----  ----      ------
.iar.init_table$$Base    0x800'43e0          --   Gb  - Linker created -
.iar.init_table$$Limit   0x800'4404          --   Gb  - Linker created -
?main                    0x800'4425         Code  Gb  cmain.o [10]
APBAHBPrescTable        0x2000'0160   0x10  Data  Lc  stm32f4xx_rcc.o [3]
APP_Rx_Buffer           0x2000'0180  0x800  Data  Gb  usbd_cdc_core.o [5]
APP_Rx_length           0x2000'1b44    0x4  Data  Gb  usbd_cdc_core.o [5]
APP_Rx_ptr_in           0x2000'1b3c    0x4  Data  Gb  usbd_cdc_core.o [5]
APP_Rx_ptr_out          0x2000'1b40    0x4  Data  Gb  usbd_cdc_core.o [5]
Board_Bsp_Init           0x800'38f7   0x34  Code  Gb  board.o [1]
BusFault_Handler         0x800'440b    0x2  Code  Gb  stm32f4xx_it.o [7]
CSTACK$$Base            0x2000'1b80          --   Gb  - Linker created -
CSTACK$$Limit           0x2000'3b80          --   Gb  - Linker created -
CmdBuff                 0x2000'1b28    0x8  Data  Gb  usbd_cdc_core.o [5]
DCD_EP_Close             0x800'1f8d   0x46  Code  Gb  usb_dcd.o [6]
DCD_EP_ClrStall          0x800'20a1   0x46  Code  Gb  usb_dcd.o [6]
DCD_EP_Open              0x800'1f2d   0x60  Code  Gb  usb_dcd.o [6]
DCD_EP_PrepareRx         0x800'1fd3   0x48  Code  Gb  usb_dcd.o [6]
DCD_EP_SetAddress        0x800'20e7   0x12  Code  Gb  usb_dcd.o [6]
DCD_EP_Stall             0x800'205b   0x46  Code  Gb  usb_dcd.o [6]
DCD_EP_Tx                0x800'201b   0x40  Code  Gb  usb_dcd.o [6]
DCD_HandleEnumDone_ISR   0x800'15a3  0x100  Code  Lc  usb_dcd_int.o [6]
DCD_HandleInEP_ISR       0x800'11df   0xe0  Code  Lc  usb_dcd_int.o [6]
DCD_HandleOutEP_ISR      0x800'12bf   0xcc  Code  Lc  usb_dcd_int.o [6]
DCD_HandleResume_ISR     0x800'1115   0x4a  Code  Lc  usb_dcd_int.o [6]
DCD_HandleRxStatusQueueLevel_ISR
                         0x800'13a9   0xa2  Code  Lc  usb_dcd_int.o [6]
DCD_HandleSof_ISR        0x800'138b   0x1e  Code  Lc  usb_dcd_int.o [6]
DCD_HandleUSBSuspend_ISR
                         0x800'115f   0x80  Code  Lc  usb_dcd_int.o [6]
DCD_HandleUsbReset_ISR   0x800'14f9   0xaa  Code  Lc  usb_dcd_int.o [6]
DCD_Init                 0x800'1e93   0x9a  Code  Gb  usb_dcd.o [6]
DCD_IsoINIncomplete_ISR
                         0x800'16a3   0x1c  Code  Lc  usb_dcd_int.o [6]
DCD_IsoOUTIncomplete_ISR
                         0x800'16bf   0x1c  Code  Lc  usb_dcd_int.o [6]
DCD_OTG_ISR              0x800'10f1   0x24  Code  Lc  usb_dcd_int.o [6]
DCD_ReadDevInEP          0x800'1731   0x20  Code  Lc  usb_dcd_int.o [6]
DCD_SessionRequest_ISR   0x800'10d3   0x1e  Code  Lc  usb_dcd_int.o [6]
DCD_WriteEmptyTxFifo     0x800'144b   0xae  Code  Lc  usb_dcd_int.o [6]
DebugMon_Handler         0x800'4411    0x2  Code  Gb  stm32f4xx_it.o [7]
Emc2305_WriteByte        0x800'3ad5   0x52  Code  Gb  emc2305.o [1]
FLASH_EraseSector        0x800'2f43   0xb6  Code  Gb  stm32f4xx_flash.o [3]
FLASH_GetStatus          0x800'3047   0x46  Code  Gb  stm32f4xx_flash.o [3]
FLASH_Lock               0x800'2f31   0x12  Code  Gb  stm32f4xx_flash.o [3]
FLASH_ProgramHalfWord    0x800'2ff9   0x4e  Code  Gb  stm32f4xx_flash.o [3]
FLASH_Unlock             0x800'2f11   0x20  Code  Gb  stm32f4xx_flash.o [3]
FLASH_WaitForLastOperation
                         0x800'30a5   0x28  Code  Gb  stm32f4xx_flash.o [3]
Fan_Emc2305_Init         0x800'3b27   0x68  Code  Gb  emc2305.o [1]
Flash_Program            0x800'2ec5   0x4a  Code  Gb  flash.o [1]
GPIO_Init                0x800'0e25   0xa4  Code  Gb  stm32f4xx_gpio.o [3]
GPIO_PinAFConfig         0x800'0ee5   0x54  Code  Gb  stm32f4xx_gpio.o [3]
GPIO_ReadInputDataBit    0x800'0ec9   0x14  Code  Gb  stm32f4xx_gpio.o [3]
GPIO_ResetBits           0x800'0ee1    0x4  Code  Gb  stm32f4xx_gpio.o [3]
GPIO_SetBits             0x800'0edd    0x4  Code  Gb  stm32f4xx_gpio.o [3]
Get_SerialNum            0x800'4263   0x28  Code  Lc  usbd_desc.o [4]
Gpio_Config              0x800'30ef  0x330  Code  Gb  gpio.o [1]
Gpio_Init                0x800'30cd   0x22  Code  Lc  gpio.o [1]
Handle_USBAsynchXfer     0x800'3f7f   0xc2  Code  Lc  usbd_cdc_core.o [5]
HardFault_Handler        0x800'4407    0x2  Code  Gb  stm32f4xx_it.o [7]
I2c_Emc_SendByte         0x800'3a33   0x56  Code  Gb  emc2305.o [1]
I2c_Emc_Start            0x800'39b9   0x40  Code  Gb  emc2305.o [1]
I2c_Emc_Stop             0x800'39f9   0x3a  Code  Gb  emc2305.o [1]
I2c_Emc_WaitAck          0x800'3a89   0x48  Code  Gb  emc2305.o [1]
IntToUnicode             0x800'42c5   0x4e  Code  Lc  usbd_desc.o [4]
JumpAddress             0x2000'1b30    0x4  Data  Gb  flash.o [1]
JumpToApp                0x800'2e81   0x30  Code  Gb  flash.o [1]
Jump_To_Application     0x2000'1b34    0x4  Data  Gb  flash.o [1]
MemManage_Handler        0x800'4409    0x2  Code  Gb  stm32f4xx_it.o [7]
NMI_Handler              0x800'4405    0x2  Code  Gb  stm32f4xx_it.o [7]
NVIC_Init                0x800'0f43   0x62  Code  Gb  misc.o [3]
NVIC_PriorityGroupConfig
                         0x800'0f39    0xa  Code  Gb  misc.o [3]
NVIC_SetPriority         0x800'3771   0x24  Code  Lc  systick.o [1]
OTG_FS_IRQHandler        0x800'4415    0xa  Code  Gb  stm32f4xx_it.o [7]
PWR_BackupAccessCmd      0x800'3439    0x8  Code  Gb  stm32f4xx_pwr.o [3]
PowerDown_Sequence       0x800'3845   0xb2  Code  Gb  board.o [1]
PowerKey_Process         0x800'3445  0x270  Code  Gb  main.o [7]
PowerKey_Process::startCnt
                        0x2000'1b74    0x2  Data  Lc  main.o [7]
PowerKey_Process::stateNow
                        0x2000'1b78    0x1  Data  Lc  main.o [7]
RCC_AHB1PeriphClockCmd   0x800'0d6f   0x28  Code  Gb  stm32f4xx_rcc.o [3]
RCC_AHB2PeriphClockCmd   0x800'0d97   0x24  Code  Gb  stm32f4xx_rcc.o [3]
RCC_APB1PeriphClockCmd   0x800'0dbb   0x20  Code  Gb  stm32f4xx_rcc.o [3]
RCC_APB2PeriphClockCmd   0x800'0ddb   0x20  Code  Gb  stm32f4xx_rcc.o [3]
RCC_GetClocksFreq        0x800'0c93   0xdc  Code  Gb  stm32f4xx_rcc.o [3]
RCC_LSEConfig            0x800'0c61   0x32  Code  Gb  stm32f4xx_rcc.o [3]
ReceiveDataFrameAnalysis
                         0x800'2a65  0x116  Code  Gb  xmodem.o [1]
Region$$Table$$Base      0x800'43e0          --   Gb  - Linker created -
Region$$Table$$Limit     0x800'4404          --   Gb  - Linker created -
Reset_Cpu                0x800'2d47    0x8  Code  Gb  xmodem.o [1]
Rx_Buf                  0x2000'0f74  0x5dc  Data  Gb  usbd_cdc_vcp.o [4]
Rx_BufStruct            0x2000'1550  0x408  Data  Gb  xmodem.o [1]
Rx_Len                  0x2000'1b76    0x2  Data  Gb  usbd_cdc_vcp.o [4]
SET_TEST_MODE           0x2000'1b54    0x4  Data  Gb  usbd_core.o [5]
SMDAT_2305_IN            0x800'3989   0x30  Code  Gb  emc2305.o [1]
SMDAT_2305_OUT           0x800'3951   0x38  Code  Gb  emc2305.o [1]
SVC_Handler              0x800'440f    0x2  Code  Gb  stm32f4xx_it.o [7]
SetSysClock              0x800'40d3   0xce  Code  Lc  system_stm32f4xx.o [2]
SysState                0x2000'017c    0x1  Data  Gb  main.o [7]
SysTick_CLKSourceConfig
                         0x800'0fa5   0x20  Code  Gb  misc.o [3]
SysTick_Config           0x800'3795   0x2e  Code  Lc  systick.o [1]
SysTick_Handler          0x800'4413    0x2  Code  Gb  stm32f4xx_it.o [7]
SysTick_Iint             0x800'37c3   0x14  Code  Gb  systick.o [1]
SystemInit               0x800'4081   0x52  Code  Gb  system_stm32f4xx.o [2]
USART_Cmd                0x800'3d1d   0x1c  Code  Gb  stm32f4xx_usart.o [3]
USART_GetFlagStatus      0x800'3d41   0x1a  Code  Gb  stm32f4xx_usart.o [3]
USART_Init               0x800'3c55   0xba  Code  Gb  stm32f4xx_usart.o [3]
USART_SendData           0x800'3d39    0x8  Code  Gb  stm32f4xx_usart.o [3]
USBD_CDC_cb             0x2000'008c   0x2c  Data  Gb  usbd_cdc_core.o [5]
USBD_ClrCfg              0x800'23bb   0x10  Code  Gb  usbd_core.o [5]
USBD_ClrFeature          0x800'1cd1   0x34  Code  Lc  usbd_req.o [5]
USBD_CtlContinueRx       0x800'1e35   0x16  Code  Gb  usbd_ioreq.o [5]
USBD_CtlContinueSendData
                         0x800'1df3   0x16  Code  Gb  usbd_ioreq.o [5]
USBD_CtlError            0x800'1d49   0x1c  Code  Gb  usbd_req.o [5]
USBD_CtlPrepareRx        0x800'1e09   0x2c  Code  Gb  usbd_ioreq.o [5]
USBD_CtlReceiveStatus    0x800'1e6f   0x24  Code  Gb  usbd_ioreq.o [5]
USBD_CtlSendData         0x800'1dc7   0x2c  Code  Gb  usbd_ioreq.o [5]
USBD_CtlSendStatus       0x800'1e4b   0x24  Code  Gb  usbd_ioreq.o [5]
USBD_DCD_INT_cb         0x2000'00b8   0x2c  Data  Gb  usbd_core.o [5]
USBD_DCD_INT_fops       0x2000'0174    0x4  Data  Gb  usbd_core.o [5]
USBD_DataInStage         0x800'2227   0xe6  Code  Lc  usbd_core.o [5]
USBD_DataOutStage        0x800'2191   0x96  Code  Lc  usbd_core.o [5]
USBD_DeInit              0x800'213d    0x4  Code  Gb  usbd_core.o [5]
USBD_DevConnected        0x800'23e7   0x16  Code  Lc  usbd_core.o [5]
USBD_DevDisconnected     0x800'23fd   0x22  Code  Lc  usbd_core.o [5]
USBD_DeviceDesc         0x2000'014c   0x14  Data  Gb  usbd_desc.o [4]
USBD_GetConfig           0x800'1bbd   0x38  Code  Lc  usbd_req.o [5]
USBD_GetDescriptor       0x800'1997  0x10e  Code  Lc  usbd_req.o [5]
USBD_GetLen              0x800'1db3   0x14  Code  Lc  usbd_req.o [5]
USBD_GetStatus           0x800'1bf5   0x36  Code  Lc  usbd_req.o [5]
USBD_GetString           0x800'1d65   0x4e  Code  Gb  usbd_req.o [5]
USBD_Init                0x800'20f9   0x44  Code  Gb  usbd_core.o [5]
USBD_IsoINIncomplete     0x800'23cb    0xe  Code  Lc  usbd_core.o [5]
USBD_IsoOUTIncomplete    0x800'23d9    0xe  Code  Lc  usbd_core.o [5]
USBD_LangIDDesc         0x2000'0178    0x4  Data  Gb  usbd_desc.o [4]
USBD_OTG_ISR_Handler     0x800'0fdd   0xf6  Code  Gb  usb_dcd_int.o [6]
USBD_ParseSetupRequest   0x800'1d05   0x44  Code  Gb  usbd_req.o [5]
USBD_Reset               0x800'231d   0x30  Code  Lc  usbd_core.o [5]
USBD_Resume              0x800'234d   0x1e  Code  Lc  usbd_core.o [5]
USBD_RunTestMode         0x800'230d    0xc  Code  Lc  usbd_core.o [5]
USBD_SOF                 0x800'2387   0x18  Code  Lc  usbd_core.o [5]
USBD_SetAddress          0x800'1aa5   0x58  Code  Lc  usbd_req.o [5]
USBD_SetCfg              0x800'239f   0x1c  Code  Gb  usbd_core.o [5]
USBD_SetConfig           0x800'1afd   0xc0  Code  Lc  usbd_req.o [5]
USBD_SetConfig::cfgidx  0x2000'1b7a    0x1  Data  Lc  usbd_req.o [5]
USBD_SetFeature          0x800'1c2b   0x92  Code  Lc  usbd_req.o [5]
USBD_SetupStage          0x800'2141   0x50  Code  Lc  usbd_core.o [5]
USBD_StdDevReq           0x800'1751   0x58  Code  Gb  usbd_req.o [5]
USBD_StdEPReq            0x800'17f9  0x19e  Code  Gb  usbd_req.o [5]
USBD_StdItfReq           0x800'17a9   0x50  Code  Gb  usbd_req.o [5]
USBD_StrDesc            0x2000'1958  0x100  Data  Gb  usbd_desc.o [4]
USBD_StringSerial       0x2000'0100   0x1c  Data  Gb  usbd_desc.o [4]
USBD_Suspend             0x800'236b   0x1c  Code  Lc  usbd_core.o [5]
USBD_USR_ConfigStrDescriptor
                         0x800'4223   0x20  Code  Gb  usbd_desc.o [4]
USBD_USR_DeviceConfigured
                         0x800'0c57    0x2  Code  Gb  usbd_usr.o [4]
USBD_USR_DeviceConnected
                         0x800'0c5d    0x2  Code  Gb  usbd_usr.o [4]
USBD_USR_DeviceDescriptor
                         0x800'41d5    0x8  Code  Gb  usbd_desc.o [4]
USBD_USR_DeviceDisconnected
                         0x800'0c5f    0x2  Code  Gb  usbd_usr.o [4]
USBD_USR_DeviceReset     0x800'0c55    0x2  Code  Gb  usbd_usr.o [4]
USBD_USR_DeviceResumed   0x800'0c5b    0x2  Code  Gb  usbd_usr.o [4]
USBD_USR_DeviceSuspended
                         0x800'0c59    0x2  Code  Gb  usbd_usr.o [4]
USBD_USR_Init            0x800'0c53    0x2  Code  Gb  usbd_usr.o [4]
USBD_USR_InterfaceStrDescriptor
                         0x800'4243   0x20  Code  Gb  usbd_desc.o [4]
USBD_USR_LangIDStrDescriptor
                         0x800'41dd    0x8  Code  Gb  usbd_desc.o [4]
USBD_USR_ManufacturerStrDescriptor
                         0x800'4205   0x10  Code  Gb  usbd_desc.o [4]
USBD_USR_ProductStrDescriptor
                         0x800'41e5   0x20  Code  Gb  usbd_desc.o [4]
USBD_USR_SerialStrDescriptor
                         0x800'4215    0xe  Code  Gb  usbd_desc.o [4]
USBD_cdc_GetCfgDesc      0x800'4041    0x8  Code  Lc  usbd_cdc_core.o [5]
USBD_cfg_status         0x2000'1b60    0x4  Data  Gb  usbd_req.o [5]
USBD_default_cfg        0x2000'1b5c    0x4  Data  Gb  usbd_req.o [5]
USBD_ep_status          0x2000'1b58    0x4  Data  Gb  usbd_req.o [5]
USB_OTG_BSP_EnableInterrupt
                         0x800'0c0d   0x2a  Code  Gb  usb_bsp.o [4]
USB_OTG_BSP_Init         0x800'0bb9   0x4e  Code  Gb  usb_bsp.o [4]
USB_OTG_BSP_mDelay       0x800'0c45    0xe  Code  Gb  usb_bsp.o [4]
USB_OTG_BSP_uDelay       0x800'0c37    0xe  Code  Gb  usb_bsp.o [4]
USB_OTG_CoreInit         0x800'0345   0xb0  Code  Gb  usb_core.o [6]
USB_OTG_CoreInitDev      0x800'052d  0x172  Code  Gb  usb_core.o [6]
USB_OTG_CoreReset        0x800'01a9   0x60  Code  Lc  usb_core.o [6]
USB_OTG_DisableGlobalInt
                         0x800'040d   0x1a  Code  Gb  usb_core.o [6]
USB_OTG_EP0Activate      0x800'072d   0x50  Code  Gb  usb_core.o [6]
USB_OTG_EP0StartXfer     0x800'09b9   0xf0  Code  Gb  usb_core.o [6]
USB_OTG_EP0_OutStart     0x800'0b59   0x36  Code  Gb  usb_core.o [6]
USB_OTG_EPActivate       0x800'077d   0x70  Code  Gb  usb_core.o [6]
USB_OTG_EPClearStall     0x800'0ae7   0x3e  Code  Gb  usb_core.o [6]
USB_OTG_EPDeactivate     0x800'07ed   0x60  Code  Gb  usb_core.o [6]
USB_OTG_EPSetStall       0x800'0aa9   0x3e  Code  Gb  usb_core.o [6]
USB_OTG_EPStartXfer      0x800'084d  0x16c  Code  Gb  usb_core.o [6]
USB_OTG_EnableCommonInt
                         0x800'0189   0x20  Code  Lc  usb_core.o [6]
USB_OTG_EnableDevInt     0x800'069f   0x60  Code  Gb  usb_core.o [6]
USB_OTG_EnableGlobalInt
                         0x800'03f5   0x18  Code  Gb  usb_core.o [6]
USB_OTG_FlushRxFifo      0x800'046f   0x40  Code  Gb  usb_core.o [6]
USB_OTG_FlushTxFifo      0x800'0427   0x48  Code  Gb  usb_core.o [6]
USB_OTG_GetDeviceSpeed   0x800'06ff   0x2e  Code  Gb  usb_core.o [6]
USB_OTG_GetMode          0x800'04f1    0xa  Code  Gb  usb_core.o [6]
USB_OTG_InitDevSpeed     0x800'051f    0xe  Code  Gb  usb_core.o [6]
USB_OTG_IsDeviceMode     0x800'04fb   0x14  Code  Gb  usb_core.o [6]
USB_OTG_ReadCoreItr      0x800'050f   0x10  Code  Gb  usb_core.o [6]
USB_OTG_ReadDevAllInEPItr
                         0x800'0b49   0x10  Code  Gb  usb_core.o [6]
USB_OTG_ReadDevAllOutEp_itr
                         0x800'0b25   0x10  Code  Gb  usb_core.o [6]
USB_OTG_ReadDevOutEP_itr
                         0x800'0b35   0x14  Code  Gb  usb_core.o [6]
USB_OTG_ReadPacket       0x800'0243   0x28  Code  Gb  usb_core.o [6]
USB_OTG_SelectCore       0x800'026b   0xda  Code  Gb  usb_core.o [6]
USB_OTG_SetCurrentMode   0x800'04b9   0x38  Code  Gb  usb_core.o [6]
USB_OTG_WritePacket      0x800'0209   0x3a  Code  Gb  usb_core.o [6]
USB_OTG_dev             0x2000'0980  0x5f4  Data  Gb  board.o [1]
USB_Rx_Buffer           0x2000'1aa8   0x40  Data  Gb  usbd_cdc_core.o [5]
USB_Tx_Buffer           0x2000'1ae8   0x40  Data  Gb  xmodem.o [1]
USB_Tx_State            0x2000'1b79    0x1  Data  Gb  usbd_cdc_core.o [5]
USR_cb                  0x2000'011c   0x1c  Data  Gb  usbd_usr.o [4]
USR_desc                0x2000'00e4   0x1c  Data  Gb  usbd_desc.o [4]
UsageFault_Handler       0x800'440d    0x2  Code  Gb  stm32f4xx_it.o [7]
Usart_Init               0x800'3b91   0x90  Code  Gb  usart.o [1]
VCP_CheckDataReceived    0x800'2e3d    0x6  Code  Gb  usbd_cdc_vcp.o [4]
VCP_Ctrl                 0x800'2da9    0x4  Code  Lc  usbd_cdc_vcp.o [4]
VCP_DataRx               0x800'2de5   0x58  Code  Lc  usbd_cdc_vcp.o [4]
VCP_DataTx               0x800'2dad   0x38  Code  Lc  usbd_cdc_vcp.o [4]
VCP_DeInit               0x800'2da5    0x4  Code  Lc  usbd_cdc_vcp.o [4]
VCP_Init                 0x800'2da1    0x4  Code  Lc  usbd_cdc_vcp.o [4]
VCP_fops                0x2000'0138   0x14  Data  Gb  usbd_cdc_vcp.o [4]
XmodemIapOk             0x2000'1b7b    0x1  Data  Gb  xmodem.o [1]
XmodemRxDat             0x2000'1b7d    0x1  Data  Gb  xmodem.o [1]
XmodemSend               0x800'2b7b    0xc  Code  Gb  xmodem.o [1]
XmodemStart             0x2000'1b7c    0x1  Data  Gb  xmodem.o [1]
Xmodm_Updata             0x800'2b87  0x1c0  Code  Gb  xmodem.o [1]
Xmodm_Updata::startCnt  0x2000'1b6c    0x4  Data  Lc  xmodem.o [1]
_LitobSmallNoMb          0x800'27db   0xd0  Code  Lc  xprintfsmall_nomb.o [8]
_PrintfSmallNoMb         0x800'2421  0x3b0  Code  Gb  xprintfsmall_nomb.o [8]
_Prout                   0x800'4475   0x16  Code  Gb  xprout.o [8]
_PutcharSmallNoMb        0x800'28ab   0x20  Code  Lc  xprintfsmall_nomb.o [8]
_PutcharsSmallNoMb       0x800'28cb   0x2e  Code  Lc  xprintfsmall_nomb.o [8]
__cmain                  0x800'4425         Code  Gb  cmain.o [10]
__exit                   0x800'2a11   0x14  Code  Gb  exit.o [11]
__iar_Fail_s             0x800'2939   0x1c  Code  Gb  xfail_s.o [8]
__iar_Memchr             0x800'29b1         Code  Gb  memchr.o [10]
__iar_Stdout            0x2000'0000   0x48  Data  Gb  xfiles.o [8]
__iar_Strchr             0x800'2921         Code  Gb  strchr.o [10]
__iar_copy_init3         0x800'0b8f   0x2a  Code  Gb  copy_init3.o [10]
__iar_data_init3         0x800'434d   0x28  Code  Gb  data_init.o [10]
__iar_init_vfp           0x800'43bd         Code  Gb  fpinit_M.o [9]
__iar_program_start      0x800'4459         Code  Gb  cstartup_M.o [10]
__iar_zero_init3         0x800'4313   0x38  Code  Gb  zero_init3.o [10]
__low_level_init         0x800'4443    0x4  Code  Gb  low_level_init.o [8]
__vector_table           0x800'0000         Data  Gb  startup_stm32f40_41xxx.o [2]
_call_main               0x800'4431         Code  Gb  cmain.o [10]
_exit                    0x800'444d         Code  Gb  cexit.o [10]
abort                    0x800'2a09    0x6  Code  Gb  abort.o [8]
addroffset              0x2000'1b64    0x4  Data  Gb  xmodem.o [1]
calcrc                   0x800'2a25   0x40  Code  Gb  xmodem.o [1]
cdcCmd                  0x2000'0170    0x4  Data  Lc  usbd_cdc_core.o [5]
cdcLen                  0x2000'1b48    0x4  Data  Lc  usbd_cdc_core.o [5]
delay_ms                 0x800'3803   0x2e  Code  Gb  systick.o [1]
delay_us                 0x800'37d7   0x2c  Code  Gb  systick.o [1]
exit                     0x800'4447    0x4  Code  Gb  exit.o [8]
fputc                    0x800'3c21   0x20  Code  Gb  usart.o [1]
kk                      0x2000'1b68    0x4  Data  Gb  xmodem.o [1]
main                     0x800'36b5   0x7e  Code  Gb  main.o [7]
memchr                   0x800'29b1         Code  Gb  memchr.o [10]
obuf                    0x2000'1a58   0x50  Data  Lc  xfiles.o [8]
printf                   0x800'2e59   0x28  Code  Gb  printf.o [8]
putchar                  0x800'448d    0xc  Code  Gb  putchar.o [8]
receive_count           0x2000'1b50    0x4  Data  Gb  usbd_cdc_vcp.o [4]
sec_hand                0x2000'1b70    0x4  Data  Lc  xfail_s.o [8]
strchr                   0x800'2921         Code  Gb  strchr.o [10]
strlen                   0x800'2979         Code  Gb  strlen.o [10]
usbd_cdc_AltSet         0x2000'1b38    0x4  Data  Lc  usbd_cdc_core.o [5]
usbd_cdc_CfgDesc        0x2000'0048   0x44  Data  Gb  usbd_cdc_core.o [5]
usbd_cdc_DataIn          0x800'3ea1   0x94  Code  Gb  usbd_cdc_core.o [5]
usbd_cdc_DataOut         0x800'3f35   0x2c  Code  Gb  usbd_cdc_core.o [5]
usbd_cdc_DeInit          0x800'3da5   0x26  Code  Gb  usbd_cdc_core.o [5]
usbd_cdc_EP0_RxReady     0x800'3e7d   0x24  Code  Gb  usbd_cdc_core.o [5]
usbd_cdc_Init            0x800'3d5d   0x48  Code  Gb  usbd_cdc_core.o [5]
usbd_cdc_SOF             0x800'3f61   0x1e  Code  Gb  usbd_cdc_core.o [5]
usbd_cdc_SOF::FrameCount
                        0x2000'1b4c    0x4  Data  Lc  usbd_cdc_core.o [5]
usbd_cdc_Setup           0x800'3dcb   0xb2  Code  Gb  usbd_cdc_core.o [5]


[1] = C:\Users\LIANMENG\Desktop\AX9-PROJECT-IAR-PID-0.002\AX9_V1.00\source\bootloader\USER\Debug\Obj\BSP
[2] = C:\Users\LIANMENG\Desktop\AX9-PROJECT-IAR-PID-0.002\AX9_V1.00\source\bootloader\USER\Debug\Obj\CMSIS
[3] = C:\Users\LIANMENG\Desktop\AX9-PROJECT-IAR-PID-0.002\AX9_V1.00\source\bootloader\USER\Debug\Obj\FWLIB
[4] = C:\Users\LIANMENG\Desktop\AX9-PROJECT-IAR-PID-0.002\AX9_V1.00\source\bootloader\USER\Debug\Obj\USB\USB-APP
[5] = C:\Users\LIANMENG\Desktop\AX9-PROJECT-IAR-PID-0.002\AX9_V1.00\source\bootloader\USER\Debug\Obj\USB\USB-DEVICE
[6] = C:\Users\LIANMENG\Desktop\AX9-PROJECT-IAR-PID-0.002\AX9_V1.00\source\bootloader\USER\Debug\Obj\USB\USB-OTG
[7] = C:\Users\LIANMENG\Desktop\AX9-PROJECT-IAR-PID-0.002\AX9_V1.00\source\bootloader\USER\Debug\Obj\USER
[8] = dl7M_tlf.a
[9] = m7M_tls.a
[10] = rt7M_tl.a
[11] = shb_l.a

  17'794 bytes of readonly  code memory
     578 bytes of readonly  data memory
  15'227 bytes of readwrite data memory

Errors: none
Warnings: none
